Archive member included to satisfy reference by file (symbol)

c:/program files (x86)/gnu tools arm embedded/8 2018-q4-major/bin/../lib/gcc/arm-none-eabi/8.2.1/thumb/v7-m/nofp\libgcc.a(_arm_addsubdf3.o)
                              ..\obj\battery.o (__aeabi_i2d)
c:/program files (x86)/gnu tools arm embedded/8 2018-q4-major/bin/../lib/gcc/arm-none-eabi/8.2.1/thumb/v7-m/nofp\libgcc.a(_arm_cmpdf2.o)
                              ..\obj\battery.o (__aeabi_dcmple)
c:/program files (x86)/gnu tools arm embedded/8 2018-q4-major/bin/../lib/gcc/arm-none-eabi/8.2.1/thumb/v7-m/nofp\libgcc.a(_arm_fixunsdfsi.o)
                              ..\obj\battery.o (__aeabi_d2uiz)
c:/program files (x86)/gnu tools arm embedded/8 2018-q4-major/bin/../lib/gcc/arm-none-eabi/8.2.1/thumb/v7-m/nofp\libgcc.a(_aeabi_uldivmod.o)
                              ..\obj\lpc17xx_timer.o (__aeabi_uldivmod)
c:/program files (x86)/gnu tools arm embedded/8 2018-q4-major/bin/../lib/gcc/arm-none-eabi/8.2.1/thumb/v7-m/nofp\libgcc.a(_udivmoddi4.o)
                              c:/program files (x86)/gnu tools arm embedded/8 2018-q4-major/bin/../lib/gcc/arm-none-eabi/8.2.1/thumb/v7-m/nofp\libgcc.a(_aeabi_uldivmod.o) (__udivmoddi4)
c:/program files (x86)/gnu tools arm embedded/8 2018-q4-major/bin/../lib/gcc/arm-none-eabi/8.2.1/thumb/v7-m/nofp\libgcc.a(_dvmd_tls.o)
                              c:/program files (x86)/gnu tools arm embedded/8 2018-q4-major/bin/../lib/gcc/arm-none-eabi/8.2.1/thumb/v7-m/nofp\libgcc.a(_aeabi_uldivmod.o) (__aeabi_ldiv0)
c:/program files (x86)/gnu tools arm embedded/8 2018-q4-major/bin/../lib/gcc/arm-none-eabi/8.2.1/../../../../arm-none-eabi/lib/thumb/v7-m/nofp\libg.a(lib_a-atoi.o)
                              ..\obj\GSMTask.o (atoi)
c:/program files (x86)/gnu tools arm embedded/8 2018-q4-major/bin/../lib/gcc/arm-none-eabi/8.2.1/../../../../arm-none-eabi/lib/thumb/v7-m/nofp\libg.a(lib_a-memcpy.o)
                              ..\obj\battery.o (memcpy)
c:/program files (x86)/gnu tools arm embedded/8 2018-q4-major/bin/../lib/gcc/arm-none-eabi/8.2.1/../../../../arm-none-eabi/lib/thumb/v7-m/nofp\libg.a(lib_a-memset.o)
                              ..\obj\GSMTask.o (memset)
c:/program files (x86)/gnu tools arm embedded/8 2018-q4-major/bin/../lib/gcc/arm-none-eabi/8.2.1/../../../../arm-none-eabi/lib/thumb/v7-m/nofp\libg.a(lib_a-sprintf.o)
                              ..\obj\GSMTask.o (sprintf)
c:/program files (x86)/gnu tools arm embedded/8 2018-q4-major/bin/../lib/gcc/arm-none-eabi/8.2.1/../../../../arm-none-eabi/lib/thumb/v7-m/nofp\libg.a(lib_a-strcat.o)
                              ..\obj\Wifi.o (strcat)
c:/program files (x86)/gnu tools arm embedded/8 2018-q4-major/bin/../lib/gcc/arm-none-eabi/8.2.1/../../../../arm-none-eabi/lib/thumb/v7-m/nofp\libg.a(lib_a-strchr.o)
                              ..\obj\GSMTask.o (strchr)
c:/program files (x86)/gnu tools arm embedded/8 2018-q4-major/bin/../lib/gcc/arm-none-eabi/8.2.1/../../../../arm-none-eabi/lib/thumb/v7-m/nofp\libg.a(lib_a-strcpy.o)
                              ..\obj\main.o (strcpy)
c:/program files (x86)/gnu tools arm embedded/8 2018-q4-major/bin/../lib/gcc/arm-none-eabi/8.2.1/../../../../arm-none-eabi/lib/thumb/v7-m/nofp\libg.a(lib_a-strlen-stub.o)
                              ..\obj\GSMTask.o (strlen)
c:/program files (x86)/gnu tools arm embedded/8 2018-q4-major/bin/../lib/gcc/arm-none-eabi/8.2.1/../../../../arm-none-eabi/lib/thumb/v7-m/nofp\libg.a(lib_a-strncpy.o)
                              ..\obj\GSMTask.o (strncpy)
c:/program files (x86)/gnu tools arm embedded/8 2018-q4-major/bin/../lib/gcc/arm-none-eabi/8.2.1/../../../../arm-none-eabi/lib/thumb/v7-m/nofp\libg.a(lib_a-strrchr.o)
                              ..\obj\GSMTask.o (strrchr)
c:/program files (x86)/gnu tools arm embedded/8 2018-q4-major/bin/../lib/gcc/arm-none-eabi/8.2.1/../../../../arm-none-eabi/lib/thumb/v7-m/nofp\libg.a(lib_a-strstr.o)
                              ..\obj\GSMTask.o (strstr)
c:/program files (x86)/gnu tools arm embedded/8 2018-q4-major/bin/../lib/gcc/arm-none-eabi/8.2.1/../../../../arm-none-eabi/lib/thumb/v7-m/nofp\libg.a(lib_a-strtol.o)
                              c:/program files (x86)/gnu tools arm embedded/8 2018-q4-major/bin/../lib/gcc/arm-none-eabi/8.2.1/../../../../arm-none-eabi/lib/thumb/v7-m/nofp\libg.a(lib_a-atoi.o) (_strtol_r)
c:/program files (x86)/gnu tools arm embedded/8 2018-q4-major/bin/../lib/gcc/arm-none-eabi/8.2.1/../../../../arm-none-eabi/lib/thumb/v7-m/nofp\libg.a(lib_a-svfprintf.o)
                              c:/program files (x86)/gnu tools arm embedded/8 2018-q4-major/bin/../lib/gcc/arm-none-eabi/8.2.1/../../../../arm-none-eabi/lib/thumb/v7-m/nofp\libg.a(lib_a-sprintf.o) (_svfprintf_r)
c:/program files (x86)/gnu tools arm embedded/8 2018-q4-major/bin/../lib/gcc/arm-none-eabi/8.2.1/../../../../arm-none-eabi/lib/thumb/v7-m/nofp\libg.a(lib_a-ctype_.o)
[...]
Memory Configuration

Name             Origin             Length             Attributes
rom              0x00000000         0x00080000         xr
ram              0x10000000         0x00008000         xrw
ram1             0x2007c000         0x00008000         xrw
*default*        0x00000000         0xffffffff

Linker script and memory map

                0x10008000                _eram = 0x10008000

.text           0x00000000     0x8ebc
 *(.isr_vector .isr_vector.*)
 .isr_vector    0x00000000       0xcc ..\obj\startup_LPC17xx.o
                0x00000000                g_pfnVectors
 *(.text .text.* .gnu.linkonce.t.*)
 .text.GSMSend  0x000000cc       0x40 ..\obj\GSMTask.o
                0x000000cc                GSMSend
 .text.SendMSGToMobile
                0x0000010c       0x7c ..\obj\GSMTask.o
                0x0000010c                SendMSGToMobile
 .text.GSMWaitForCloseOk
                0x00000188       0x84 ..\obj\GSMTask.o
                0x00000188                GSMWaitForCloseOk
 .text.GSMWaitForConnectOk
                0x0000020c       0x84 ..\obj\GSMTask.o
                0x0000020c                GSMWaitForConnectOk
 .text.GSMWaitForOk
                0x00000290       0x84 ..\obj\GSMTask.o
                0x00000290                GSMWaitForOk
 .text.DeleteAllSmsFromMemory
                0x00000314       0x54 ..\obj\GSMTask.o
                0x00000314                DeleteAllSmsFromMemory
 .text.DeleteAllMsg
                0x00000368       0x68 ..\obj\GSMTask.o
                0x00000368                DeleteAllMsg
 .text.GSMSendCmdForSelectingTextMode
                0x000003d0       0x68 ..\obj\GSMTask.o
                0x000003d0                GSMSendCmdForSelectingTextMode
 .text.GSMSendCmdForSelectingMobileNo
                0x00000438       0x98 ..\obj\GSMTask.o
                0x00000438                GSMSendCmdForSelectingMobileNo
 .text.GetGSMReciveData
                0x000004d0       0x68 ..\obj\GSMTask.o
                0x000004d0                GetGSMReciveData
 .text.SendReqdMsg
                0x00000538      0x130 ..\obj\GSMTask.o
                0x00000538                SendReqdMsg
 .text.SendReqdIndexMsg
                0x00000668       0x54 ..\obj\GSMTask.o
                0x00000668                SendReqdIndexMsg
 .text.ProcessBTCommands
                0x000006bc      0x184 ..\obj\GSMTask.o
                0x000006bc                ProcessBTCommands
 .text.InitilizeBluetooth
                0x00000840      0x120 ..\obj\GSMTask.o
                0x00000840                InitilizeBluetooth
 .text.BTDeviceUnpair
                0x00000960       0xac ..\obj\GSMTask.o
                0x00000960                BTDeviceUnpair
 .text.TCPSetUpTransparentClientMode
                0x00000a0c       0xb2 ..\obj\GSMTask.o
                0x00000a0c                TCPSetUpTransparentClientMode
 *fill*         0x00000abe        0x2 
 .text.TCPSetContextCmd
                0x00000ac0       0x54 ..\obj\GSMTask.o
                0x00000ac0                TCPSetContextCmd
 .text.TCPSetAPNCmd
                0x00000b14       0x54 ..\obj\GSMTask.o
                0x00000b14                TCPSetAPNCmd
 .text.TCPDisableMUXCmd
                0x00000b68       0x54 ..\obj\GSMTask.o
                0x00000b68                TCPDisableMUXCmd
 .text.TCPTransperantModeCmd
                0x00000bbc       0x54 ..\obj\GSMTask.o
                0x00000bbc                TCPTransperantModeCmd
 .text.TCPConfigureContextCmd
                0x00000c10       0x54 ..\obj\GSMTask.o
                0x00000c10                TCPConfigureContextCmd
 .text.TCPUseIPforTCPCmd
                0x00000c64       0x54 ..\obj\GSMTask.o
                0x00000c64                TCPUseIPforTCPCmd
 .text.TCPSendData
                0x00000cb8       0x86 ..\obj\GSMTask.o
                0x00000cb8                TCPSendData
 *fill*         0x00000d3e        0x2 
 .text.TCPCloseSocketCmd
                0x00000d40       0x54 ..\obj\GSMTask.o
                0x00000d40                TCPCloseSocketCmd
 .text.TCPOpenSocketCmd
                0x00000d94       0x54 ..\obj\GSMTask.o
                0x00000d94                TCPOpenSocketCmd
 .text.TCPEnableDataEchoCmd
                0x00000de8       0x54 ..\obj\GSMTask.o
                0x00000de8                TCPEnableDataEchoCmd
 .text.TCPSendDataToServer
                0x00000e3c       0xc8 ..\obj\GSMTask.o
                0x00000e3c                TCPSendDataToServer
 .text.TCPTerminatingChar
                0x00000f04       0x38 ..\obj\GSMTask.o
                0x00000f04                TCPTerminatingChar
 .text.BuzzerInit
                0x00000f3c       0x14 ..\obj\buzzer.o
                0x00000f3c                BuzzerInit
 .text.BuzzerOff
                0x00000f50       0x12 ..\obj\buzzer.o
                0x00000f50                BuzzerOff
 *fill*         0x00000f62        0x2 
 .text.CLKPWR_GetPCLKSEL
                0x00000f64       0x48 ..\obj\lpc17xx_clkpwr.o
                0x00000f64                CLKPWR_GetPCLKSEL
 .text.CLKPWR_GetPCLK
                0x00000fac       0x64 ..\obj\lpc17xx_clkpwr.o
                0x00000fac                CLKPWR_GetPCLK
 .text.CLKPWR_ConfigPPWR
                0x00001010       0x58 ..\obj\lpc17xx_clkpwr.o
                0x00001010                CLKPWR_ConfigPPWR
 .text.SystemCoreClockUpdate
                0x00001068      0x164 ..\obj\system_LPC17xx.o
                0x00001068                SystemCoreClockUpdate
 .text.SystemInit
                0x000011cc      0x150 ..\obj\system_LPC17xx.o
                0x000011cc                SystemInit
 .text.uart_set_divisors
                0x0000131c      0x2a8 ..\obj\lpc17xx_uart.o
 .text.UART_Init
                0x000015c4      0x2e0 ..\obj\lpc17xx_uart.o
                0x000015c4                UART_Init
 .text.UART_ConfigStructInit
                0x000018a4       0x2c ..\obj\lpc17xx_uart.o
                0x000018a4                UART_ConfigStructInit
 .text.UART_SendByte
                0x000018d0       0x68 ..\obj\lpc17xx_uart.o
                0x000018d0                UART_SendByte
 .text.UART_Send
                0x00001938       0xea ..\obj\lpc17xx_uart.o
                0x00001938                UART_Send
 *fill*         0x00001a22        0x2 
 .text.UART_IntConfig
                0x00001a24      0x184 ..\obj\lpc17xx_uart.o
                0x00001a24                UART_IntConfig
 .text.UART_TxCmd
                0x00001ba8       0xc8 ..\obj\lpc17xx_uart.o
                0x00001ba8                UART_TxCmd
 .text.UART0_IRQHandler
                0x00001c70       0xac ..\obj\lpc17xx_uart.o
                0x00001c70                UART0_IRQHandler
 .text.UART3_IRQHandler
                0x00001d1c       0xb0 ..\obj\lpc17xx_uart.o
                0x00001d1c                UART3_IRQHandler
 .text.UART1_IRQHandler
                0x00001dcc       0xac ..\obj\lpc17xx_uart.o
                0x00001dcc                UART1_IRQHandler
 .text.DMA_IRQHandler
                0x00001e78       0xb0 ..\obj\lpc17xx_gpdma.o
                0x00001e78                DMA_IRQHandler
 .text.waterFlow
                0x00001f28       0x1c ..\obj\main.o
                0x00001f28                waterFlow
 .text.EINT0_IRQHandler
                0x00001f44       0x14 ..\obj\main.o
                0x00001f44                EINT0_IRQHandler
 .text.EINT1_IRQHandler
                0x00001f58       0x14 ..\obj\main.o
                0x00001f58                EINT1_IRQHandler
 .text.EINT2_IRQHandler
                0x00001f6c       0x14 ..\obj\main.o
                0x00001f6c                EINT2_IRQHandler
 .text.EINT3_IRQHandler
                0x00001f80       0x38 ..\obj\main.o
                0x00001f80                EINT3_IRQHandler
 .text.main     0x00001fb8      0x24c ..\obj\main.o
                0x00001fb8                main
 .text.vTaskDelay
                0x00002204       0x44 ..\obj\utils.o
                0x00002204                vTaskDelay
 .text.NVIC_EnableIRQ
                0x00002248       0x30 ..\obj\extint.o
 .text.IOSetDir
                0x00002278       0x64 ..\obj\extint.o
                0x00002278                IOSetDir
 .text.IOSetPull
                0x000022dc      0x170 ..\obj\extint.o
                0x000022dc                IOSetPull
 .text.IOSetInterrupt
                0x0000244c       0x98 ..\obj\extint.o
                0x0000244c                IOSetInterrupt
 .text.GPIO_GetPointer
                0x000024e4       0x70 ..\obj\lpc17xx_gpio.o
 .text.GPIO_SetDir
                0x00002554       0x4a ..\obj\lpc17xx_gpio.o
                0x00002554                GPIO_SetDir
 .text.GPIO_ClearValue
                0x0000259e       0x2a ..\obj\lpc17xx_gpio.o
                0x0000259e                GPIO_ClearValue
 .text.GPIO_ReadValue
                0x000025c8       0x2a ..\obj\lpc17xx_gpio.o
                0x000025c8                GPIO_ReadValue
 *fill*         0x000025f2        0x2 
 .text.GPIO_ClearInt
                0x000025f4       0x3c ..\obj\lpc17xx_gpio.o
                0x000025f4                GPIO_ClearInt
 .text.__enable_irq
                0x00002630        0xe ..\obj\lpc17xx_wdt.o
 .text.__disable_irq
                0x0000263e        0xe ..\obj\lpc17xx_wdt.o
 .text.WDT_Feed
                0x0000264c       0x20 ..\obj\lpc17xx_wdt.o
                0x0000264c                WDT_Feed
 .text.ReadKeyPress1
                0x0000266c       0x2a ..\obj\Keypad.o
                0x0000266c                ReadKeyPress1
 .text.ReadKeyPress2
                0x00002696       0x2a ..\obj\Keypad.o
                0x00002696                ReadKeyPress2
 .text.ReadKeyPress3
                0x000026c0       0x2a ..\obj\Keypad.o
                0x000026c0                ReadKeyPress3
 .text.ReadKeyPress4
                0x000026ea       0x2a ..\obj\Keypad.o
                0x000026ea                ReadKeyPress4
 .text.Default_Reset_Handler
                0x00002714       0x60 ..\obj\startup_LPC17xx.o
                0x00002714                Default_Reset_Handler
                0x00002714                Reset_Handler
 .text.Default_Handler
                0x00002774        0x6 ..\obj\startup_LPC17xx.o
                0x00002774                TIMER2_IRQHandler
                0x00002774                DebugMon_Handler
                0x00002774                RIT_IRQHandler
                0x00002774                I2C0_IRQHandler
                0x00002774                HardFault_Handler
                0x00002774                SysTick_Handler
                0x00002774                USBActivity_IRQHandler
                0x00002774                PWM1_IRQHandler
                0x00002774                PendSV_Handler
                0x00002774                NMI_Handler
                0x00002774                I2C1_IRQHandler
                0x00002774                CANActivity_IRQHandler
                0x00002774                TIMER3_IRQHandler
                0x00002774                UsageFault_Handler
                0x00002774                PLL0_IRQHandler
                0x00002774                CAN_IRQHandler
                0x00002774                PLL1_IRQHandler
                0x00002774                SSP0_IRQHandler
                0x00002774                I2S_IRQHandler
                0x00002774                I2C2_IRQHandler
                0x00002774                RTC_IRQHandler
                0x00002774                TIMER0_IRQHandler
                0x00002774                SPI_IRQHandler
                0x00002774                TIMER1_IRQHandler
                0x00002774                UART2_IRQHandler
                0x00002774                ADC_IRQHandler
                0x00002774                SSP1_IRQHandler
                0x00002774                USB_IRQHandler
                0x00002774                BOD_IRQHandler
                0x00002774                MemManage_Handler
                0x00002774                WDT_IRQHandler
                0x00002774                SVC_Handler
                0x00002774                QEI_IRQHandler
                0x00002774                BusFault_Handler
                0x00002774                MCPWM_IRQHandler
                0x00002774                ENET_IRQHandler
 .text.check_failed
                0x0000277a        0xc ..\obj\lpc17xx_libcfg_default.o
                0x0000277a                check_failed
 *fill*         0x00002786        0x2 
 .text.set_PinFunc
                0x00002788       0x80 ..\obj\lpc17xx_pinsel.o
 .text.set_ResistorMode
                0x00002808       0x80 ..\obj\lpc17xx_pinsel.o
 .text.set_OpenDrainMode
                0x00002888       0x68 ..\obj\lpc17xx_pinsel.o
 .text.PINSEL_ConfigPin
                0x000028f0       0x46 ..\obj\lpc17xx_pinsel.o
                0x000028f0                PINSEL_ConfigPin
 *fill*         0x00002936        0x2 
 .text._sbrk    0x00002938       0x3c ..\obj\syscalls.o
                0x00002938                _sbrk
 .text.ADCInit  0x00002974       0xb8 ..\obj\adc.o
                0x00002974                ADCInit
 .text.ADCPinselInitilization
                0x00002a2c       0x58 ..\obj\adc.o
                0x00002a2c                ADCPinselInitilization
 .text.delay    0x00002a84       0x40 ..\obj\lcd.o
                0x00002a84                delay
 .text.wait_lcd
                0x00002ac4       0x78 ..\obj\lcd.o
 .text.lcd_write_4bit
                0x00002b3c       0x5c ..\obj\lcd.o
 .text.lcd_command_write
                0x00002b98       0x3c ..\obj\lcd.o
 .text.lcd_data_write
                0x00002bd4       0x3c ..\obj\lcd.o
 .text.set_lcd_port_output
                0x00002c10       0x74 ..\obj\lcd.o
 .text.lcd_clear
                0x00002c84       0x16 ..\obj\lcd.o
                0x00002c84                lcd_clear
 .text.lcd_gotoxy
                0x00002c9a       0x56 ..\obj\lcd.o
 .text.lcd_putchar
                0x00002cf0       0x1a ..\obj\lcd.o
                0x00002cf0                lcd_putchar
 .text.lcd_putstring
                0x00002d0a       0x46 ..\obj\lcd.o
                0x00002d0a                lcd_putstring
 .text.lcd_clear_line
                0x00002d50       0x20 ..\obj\lcd.o
                0x00002d50                lcd_clear_line
 .text.lcd_init
                0x00002d70       0x4a ..\obj\lcd.o
                0x00002d70                lcd_init
 .text.EnableCursor
                0x00002dba        0xe ..\obj\lcd.o
                0x00002dba                EnableCursor
 .text.NVIC_EnableIRQ
                0x00002dc8       0x30 ..\obj\UART.o
 .text.NVIC_SetPriority
                0x00002df8       0x54 ..\obj\UART.o
 .text.ConfigureUart3Pins
                0x00002e4c       0x36 ..\obj\UART.o
                0x00002e4c                ConfigureUart3Pins
 .text.ConfigureUart1Pins
                0x00002e82       0x36 ..\obj\UART.o
                0x00002e82                ConfigureUart1Pins
 .text.ConfigureUart3
                0x00002eb8       0x6c ..\obj\UART.o
                0x00002eb8                ConfigureUart3
 .text.ConfigureUart1
                0x00002f24       0x6c ..\obj\UART.o
                0x00002f24                ConfigureUart1
 .text.UART3_Send_Buffer
                0x00002f90       0x28 ..\obj\UART.o
                0x00002f90                UART3_Send_Buffer
 .text.uart3_get_byte
                0x00002fb8       0x24 ..\obj\UART.o
                0x00002fb8                uart3_get_byte
 .text.uart3_get_byte_count
                0x00002fdc       0x24 ..\obj\UART.o
                0x00002fdc                uart3_get_byte_count
 .text.uart1_get_byte_count
                0x00003000       0x24 ..\obj\UART.o
                0x00003000                uart1_get_byte_count
 .text.UART1_Send_Buffer
                0x00003024       0x28 ..\obj\UART.o
                0x00003024                UART1_Send_Buffer
 .text.uart1_get_byte
                0x0000304c       0x24 ..\obj\UART.o
                0x0000304c                uart1_get_byte
 .text.CirBufInit
                0x00003070       0x58 ..\obj\circular_buf.o
                0x00003070                CirBufInit
 .text.getCirBufAvailableSize
                0x000030c8       0x30 ..\obj\circular_buf.o
                0x000030c8                getCirBufAvailableSize
 .text.getCirBufSize
                0x000030f8       0x6e ..\obj\circular_buf.o
                0x000030f8                getCirBufSize
 .text.pushToCirBuf
                0x00003166       0x9e ..\obj\circular_buf.o
                0x00003166                pushToCirBuf
 .text.popFromCirBuf
                0x00003204       0x9a ..\obj\circular_buf.o
                0x00003204                popFromCirBuf
 *fill*         0x0000329e        0x2 
 .text          0x000032a0      0x378 c:/program files (x86)/gnu tools arm embedded/8 2018-q4-major/bin/../lib/gcc/arm-none-eabi/8.2.1/thumb/v7-m/nofp\libgcc.a(_arm_addsubdf3.o)
                0x000032a0                __aeabi_drsub
                0x000032a8                __aeabi_dsub
                0x000032a8                __subdf3
                0x000032ac                __aeabi_dadd
                0x000032ac                __adddf3
                0x00003524                __floatunsidf
                0x00003524                __aeabi_ui2d
                0x00003544                __floatsidf
                0x00003544                __aeabi_i2d
                0x00003568                __aeabi_f2d
                0x00003568                __extendsfdf2
                0x000035ac                __floatundidf
                0x000035ac                __aeabi_ul2d
                0x000035bc                __floatdidf
                0x000035bc                __aeabi_l2d
 .text          0x00003618      0x110 c:/program files (x86)/gnu tools arm embedded/8 2018-q4-major/bin/../lib/gcc/arm-none-eabi/8.2.1/thumb/v7-m/nofp\libgcc.a(_arm_cmpdf2.o)
                0x00003618                __gtdf2
                0x00003618                __gedf2
                0x00003620                __ltdf2
                0x00003620                __ledf2
                0x00003628                __nedf2
                0x00003628                __eqdf2
                0x00003628                __cmpdf2
                0x000036a4                __aeabi_cdrcmple
                0x000036b4                __aeabi_cdcmpeq
                0x000036b4                __aeabi_cdcmple
                0x000036c4                __aeabi_dcmpeq
                0x000036d8                __aeabi_dcmplt
                0x000036ec                __aeabi_dcmple
                0x00003700                __aeabi_dcmpge
                0x00003714                __aeabi_dcmpgt
 .text          0x00003728       0x30 c:/program files (x86)/gnu tools arm embedded/8 2018-q4-major/bin/../lib/gcc/arm-none-eabi/8.2.1/thumb/v7-m/nofp\libgcc.a(_aeabi_uldivmod.o)
                0x00003728                __aeabi_uldivmod
 .text          0x00003758      0x2d0 c:/program files (x86)/gnu tools arm embedded/8 2018-q4-major/bin/../lib/gcc/arm-none-eabi/8.2.1/thumb/v7-m/nofp\libgcc.a(_udivmoddi4.o)
                0x00003758                __udivmoddi4
 .text          0x00003a28        0x4 c:/program files (x86)/gnu tools arm embedded/8 2018-q4-major/bin/../lib/gcc/arm-none-eabi/8.2.1/thumb/v7-m/nofp\libgcc.a(_dvmd_tls.o)
                0x00003a28                __aeabi_idiv0
                0x00003a28                __aeabi_ldiv0
 .text.atoi     0x00003a2c        0x8 c:/program files (x86)/gnu tools arm embedded/8 2018-q4-major/bin/../lib/gcc/arm-none-eabi/8.2.1/../../../../arm-none-eabi/lib/thumb/v7-m/nofp\libg.a(lib_a-atoi.o)
                0x00003a2c                atoi
 .text          0x00003a34       0xec c:/program files (x86)/gnu tools arm embedded/8 2018-q4-major/bin/../lib/gcc/arm-none-eabi/8.2.1/../../../../arm-none-eabi/lib/thumb/v7-m/nofp\libg.a(lib_a-memcpy.o)
                0x00003a34                memcpy
 .text.memset   0x00003b20       0xa0 c:/program files (x86)/gnu tools arm embedded/8 2018-q4-major/bin/../lib/gcc/arm-none-eabi/8.2.1/../../../../arm-none-eabi/lib/thumb/v7-m/nofp\libg.a(lib_a-memset.o)
                0x00003b20                memset
 .text.sprintf  0x00003bc0       0x44 c:/program files (x86)/gnu tools arm embedded/8 2018-q4-major/bin/../lib/gcc/arm-none-eabi/8.2.1/../../../../arm-none-eabi/lib/thumb/v7-m/nofp\libg.a(lib_a-sprintf.o)
                0x00003bc0                sprintf
 .text.strchr   0x00003c04       0xc8 c:/program files (x86)/gnu tools arm embedded/8 2018-q4-major/bin/../lib/gcc/arm-none-eabi/8.2.1/../../../../arm-none-eabi/lib/thumb/v7-m/nofp\libg.a(lib_a-strchr.o)
                0x00003c04                strchr
 .text.strcpy   0x00003ccc       0xbc c:/program files (x86)/gnu tools arm embedded/8 2018-q4-major/bin/../lib/gcc/arm-none-eabi/8.2.1/../../../../arm-none-eabi/lib/thumb/v7-m/nofp\libg.a(lib_a-strcpy.o)
                0x00003ccc                strcpy
 .text.strlen   0x00003d88       0x5c c:/program files (x86)/gnu tools arm embedded/8 2018-q4-major/bin/../lib/gcc/arm-none-eabi/8.2.1/../../../../arm-none-eabi/lib/thumb/v7-m/nofp\libg.a(lib_a-strlen-stub.o)
                0x00003d88                strlen
 .text.strncpy  0x00003de4       0x74 c:/program files (x86)/gnu tools arm embedded/8 2018-q4-major/bin/../lib/gcc/arm-none-eabi/8.2.1/../../../../arm-none-eabi/lib/thumb/v7-m/nofp\libg.a(lib_a-strncpy.o)
                0x00003de4                strncpy
 .text.two_way_long_needle
                0x00003e58      0x2d8 c:/program files (x86)/gnu tools arm embedded/8 2018-q4-major/bin/../lib/gcc/arm-none-eabi/8.2.1/../../../../arm-none-eabi/lib/thumb/v7-m/nofp\libg.a(lib_a-strstr.o)
 .text.strstr   0x00004130      0x180 c:/program files (x86)/gnu tools arm embedded/8 2018-q4-major/bin/../lib/gcc/arm-none-eabi/8.2.1/../../../../arm-none-eabi/lib/thumb/v7-m/nofp\libg.a(lib_a-strstr.o)
                0x00004130                strstr
 .text._strtol_l.isra.0
                0x000042b0      0x110 c:/program files (x86)/gnu tools arm embedded/8 2018-q4-major/bin/../lib/gcc/arm-none-eabi/8.2.1/../../../../arm-none-eabi/lib/thumb/v7-m/nofp\libg.a(lib_a-strtol.o)
 .text.strtol   0x000043c0       0x18 c:/program files (x86)/gnu tools arm embedded/8 2018-q4-major/bin/../lib/gcc/arm-none-eabi/8.2.1/../../../../arm-none-eabi/lib/thumb/v7-m/nofp\libg.a(lib_a-strtol.o)
                0x000043c0                strtol
 .text._svfprintf_r
                0x000043d8     0x1a58 c:/program files (x86)/gnu tools arm embedded/8 2018-q4-major/bin/../lib/gcc/arm-none-eabi/8.2.1/../../../../arm-none-eabi/lib/thumb/v7-m/nofp\libg.a(lib_a-svfprintf.o)
                0x000043d8                _svfprintf_r
 .text.quorem   0x00005e30      0x12c c:/program files (x86)/gnu tools arm embedded/8 2018-q4-major/bin/../lib/gcc/arm-none-eabi/8.2.1/../../../../arm-none-eabi/lib/thumb/v7-m/nofp\libg.a(lib_a-dtoa.o)
 *fill*         0x00005f5c        0x4 
 .text._dtoa_r  0x00005f60      0xe6c c:/program files (x86)/gnu tools arm embedded/8 2018-q4-major/bin/../lib/gcc/arm-none-eabi/8.2.1/../../../../arm-none-eabi/lib/thumb/v7-m/nofp\libg.a(lib_a-dtoa.o)
                0x00005f60                _dtoa_r
 .text._malloc_trim_r
                0x00006dcc       0xa0 c:/program files (x86)/gnu tools arm embedded/8 2018-q4-major/bin/../lib/gcc/arm-none-eabi/8.2.1/../../../../arm-none-eabi/lib/thumb/v7-m/nofp\libg.a(lib_a-freer.o)
                0x00006dcc                _malloc_trim_r
 .text._free_r  0x00006e6c      0x1ec c:/program files (x86)/gnu tools arm embedded/8 2018-q4-major/bin/../lib/gcc/arm-none-eabi/8.2.1/../../../../arm-none-eabi/lib/thumb/v7-m/nofp\libg.a(lib_a-freer.o)
                0x00006e6c                _free_r
 .text._localeconv_r
                0x00007058        0x8 c:/program files (x86)/gnu tools arm embedded/8 2018-q4-major/bin/../lib/gcc/arm-none-eabi/8.2.1/../../../../arm-none-eabi/lib/thumb/v7-m/nofp\libg.a(lib_a-localeconv.o)
                0x00007058                _localeconv_r
 .text._malloc_r
                0x00007060      0x558 c:/program files (x86)/gnu tools arm embedded/8 2018-q4-major/bin/../lib/gcc/arm-none-eabi/8.2.1/../../../../arm-none-eabi/lib/thumb/v7-m/nofp\libg.a(lib_a-mallocr.o)
                0x00007060                _malloc_r
 .text.memchr   0x000075b8       0x8c c:/program files (x86)/gnu tools arm embedded/8 2018-q4-major/bin/../lib/gcc/arm-none-eabi/8.2.1/../../../../arm-none-eabi/lib/thumb/v7-m/nofp\libg.a(lib_a-memchr-stub.o)
                0x000075b8                memchr
 .text.memcmp   0x00007644       0x64 c:/program files (x86)/gnu tools arm embedded/8 2018-q4-major/bin/../lib/gcc/arm-none-eabi/8.2.1/../../../../arm-none-eabi/lib/thumb/v7-m/nofp\libg.a(lib_a-memcmp.o)
                0x00007644                memcmp
 .text.__malloc_lock
                0x000076a8        0xc c:/program files (x86)/gnu tools arm embedded/8 2018-q4-major/bin/../lib/gcc/arm-none-eabi/8.2.1/../../../../arm-none-eabi/lib/thumb/v7-m/nofp\libg.a(lib_a-mlock.o)
                0x000076a8                __malloc_lock
 .text.__malloc_unlock
                0x000076b4        0xc c:/program files (x86)/gnu tools arm embedded/8 2018-q4-major/bin/../lib/gcc/arm-none-eabi/8.2.1/../../../../arm-none-eabi/lib/thumb/v7-m/nofp\libg.a(lib_a-mlock.o)
                0x000076b4                __malloc_unlock
 .text._Balloc  0x000076c0       0x4c c:/program files (x86)/gnu tools arm embedded/8 2018-q4-major/bin/../lib/gcc/arm-none-eabi/8.2.1/../../../../arm-none-eabi/lib/thumb/v7-m/nofp\libg.a(lib_a-mprec.o)
                0x000076c0                _Balloc
 .text._Bfree   0x0000770c       0x14 c:/program files (x86)/gnu tools arm embedded/8 2018-q4-major/bin/../lib/gcc/arm-none-eabi/8.2.1/../../../../arm-none-eabi/lib/thumb/v7-m/nofp\libg.a(lib_a-mprec.o)
                0x0000770c                _Bfree
 .text.__multadd
                0x00007720       0x8c c:/program files (x86)/gnu tools arm embedded/8 2018-q4-major/bin/../lib/gcc/arm-none-eabi/8.2.1/../../../../arm-none-eabi/lib/thumb/v7-m/nofp\libg.a(lib_a-mprec.o)
                0x00007720                __multadd
 .text.__hi0bits
                0x000077ac       0x40 c:/program files (x86)/gnu tools arm embedded/8 2018-q4-major/bin/../lib/gcc/arm-none-eabi/8.2.1/../../../../arm-none-eabi/lib/thumb/v7-m/nofp\libg.a(lib_a-mprec.o)
                0x000077ac                __hi0bits
 .text.__lo0bits
                0x000077ec       0x60 c:/program files (x86)/gnu tools arm embedded/8 2018-q4-major/bin/../lib/gcc/arm-none-eabi/8.2.1/../../../../arm-none-eabi/lib/thumb/v7-m/nofp\libg.a(lib_a-mprec.o)
                0x000077ec                __lo0bits
 .text.__i2b    0x0000784c       0x14 c:/program files (x86)/gnu tools arm embedded/8 2018-q4-major/bin/../lib/gcc/arm-none-eabi/8.2.1/../../../../arm-none-eabi/lib/thumb/v7-m/nofp\libg.a(lib_a-mprec.o)
                0x0000784c                __i2b
 .text.__multiply
                0x00007860      0x130 c:/program files (x86)/gnu tools arm embedded/8 2018-q4-major/bin/../lib/gcc/arm-none-eabi/8.2.1/../../../../arm-none-eabi/lib/thumb/v7-m/nofp\libg.a(lib_a-mprec.o)
                0x00007860                __multiply
 .text.__pow5mult
                0x00007990       0xa0 c:/program files (x86)/gnu tools arm embedded/8 2018-q4-major/bin/../lib/gcc/arm-none-eabi/8.2.1/../../../../arm-none-eabi/lib/thumb/v7-m/nofp\libg.a(lib_a-mprec.o)
                0x00007990                __pow5mult
 .text.__lshift
                0x00007a30       0xb4 c:/program files (x86)/gnu tools arm embedded/8 2018-q4-major/bin/../lib/gcc/arm-none-eabi/8.2.1/../../../../arm-none-eabi/lib/thumb/v7-m/nofp\libg.a(lib_a-mprec.o)
                0x00007a30                __lshift
 .text.__mcmp   0x00007ae4       0x38 c:/program files (x86)/gnu tools arm embedded/8 2018-q4-major/bin/../lib/gcc/arm-none-eabi/8.2.1/../../../../arm-none-eabi/lib/thumb/v7-m/nofp\libg.a(lib_a-mprec.o)
                0x00007ae4                __mcmp
 .text.__mdiff  0x00007b1c      0x100 c:/program files (x86)/gnu tools arm embedded/8 2018-q4-major/bin/../lib/gcc/arm-none-eabi/8.2.1/../../../../arm-none-eabi/lib/thumb/v7-m/nofp\libg.a(lib_a-mprec.o)
                0x00007b1c                __mdiff
 .text.__d2b    0x00007c1c       0xac c:/program files (x86)/gnu tools arm embedded/8 2018-q4-major/bin/../lib/gcc/arm-none-eabi/8.2.1/../../../../arm-none-eabi/lib/thumb/v7-m/nofp\libg.a(lib_a-mprec.o)
                0x00007c1c                __d2b
 .text.frexp    0x00007cc8       0x70 c:/program files (x86)/gnu tools arm embedded/8 2018-q4-major/bin/../lib/gcc/arm-none-eabi/8.2.1/../../../../arm-none-eabi/lib/thumb/v7-m/nofp\libg.a(lib_a-s_frexp.o)
                0x00007cc8                frexp
 .text._sbrk_r  0x00007d38       0x24 c:/program files (x86)/gnu tools arm embedded/8 2018-q4-major/bin/../lib/gcc/arm-none-eabi/8.2.1/../../../../arm-none-eabi/lib/thumb/v7-m/nofp\libg.a(lib_a-sbrkr.o)
                0x00007d38                _sbrk_r
 .text.strnlen  0x00007d5c       0x40 c:/program files (x86)/gnu tools arm embedded/8 2018-q4-major/bin/../lib/gcc/arm-none-eabi/8.2.1/../../../../arm-none-eabi/lib/thumb/v7-m/nofp\libg.a(lib_a-strnlen.o)
                0x00007d5c                strnlen
 .text.__ssprint_r
                0x00007d9c       0xf8 c:/program files (x86)/gnu tools arm embedded/8 2018-q4-major/bin/../lib/gcc/arm-none-eabi/8.2.1/../../../../arm-none-eabi/lib/thumb/v7-m/nofp\libg.a(lib_a-svfiprintf.o)
                0x00007d9c                __ssprint_r
 .text._calloc_r
                0x00007e94       0x60 c:/program files (x86)/gnu tools arm embedded/8 2018-q4-major/bin/../lib/gcc/arm-none-eabi/8.2.1/../../../../arm-none-eabi/lib/thumb/v7-m/nofp\libg.a(lib_a-callocr.o)
                0x00007e94                _calloc_r
 .text.__retarget_lock_acquire_recursive
                0x00007ef4        0x4 c:/program files (x86)/gnu tools arm embedded/8 2018-q4-major/bin/../lib/gcc/arm-none-eabi/8.2.1/../../../../arm-none-eabi/lib/thumb/v7-m/nofp\libg.a(lib_a-lock.o)
                0x00007ef4                __retarget_lock_acquire_recursive
 .text.__retarget_lock_release_recursive
                0x00007ef8        0x4 c:/program files (x86)/gnu tools arm embedded/8 2018-q4-major/bin/../lib/gcc/arm-none-eabi/8.2.1/../../../../arm-none-eabi/lib/thumb/v7-m/nofp\libg.a(lib_a-lock.o)
                0x00007ef8                __retarget_lock_release_recursive
 .text.__ascii_mbtowc
                0x00007efc       0x2c c:/program files (x86)/gnu tools arm embedded/8 2018-q4-major/bin/../lib/gcc/arm-none-eabi/8.2.1/../../../../arm-none-eabi/lib/thumb/v7-m/nofp\libg.a(lib_a-mbtowc_r.o)
                0x00007efc                __ascii_mbtowc
 .text.memmove  0x00007f28       0xcc c:/program files (x86)/gnu tools arm embedded/8 2018-q4-major/bin/../lib/gcc/arm-none-eabi/8.2.1/../../../../arm-none-eabi/lib/thumb/v7-m/nofp\libg.a(lib_a-memmove.o)
                0x00007f28                memmove
 .text._realloc_r
                0x00007ff4      0x37c c:/program files (x86)/gnu tools arm embedded/8 2018-q4-major/bin/../lib/gcc/arm-none-eabi/8.2.1/../../../../arm-none-eabi/lib/thumb/v7-m/nofp\libg.a(lib_a-reallocr.o)
                0x00007ff4                _realloc_r
 .text.__ascii_wctomb
                0x00008370       0x1c c:/program files (x86)/gnu tools arm embedded/8 2018-q4-major/bin/../lib/gcc/arm-none-eabi/8.2.1/../../../../arm-none-eabi/lib/thumb/v7-m/nofp\libg.a(lib_a-wctomb_r.o)
                0x00008370                __ascii_wctomb
 .text          0x0000838c      0x424 c:/program files (x86)/gnu tools arm embedded/8 2018-q4-major/bin/../lib/gcc/arm-none-eabi/8.2.1/thumb/v7-m/nofp\libgcc.a(_arm_muldivdf3.o)
                0x0000838c                __aeabi_dmul
                0x0000838c                __muldf3
                0x000085e0                __divdf3
                0x000085e0                __aeabi_ddiv
 .text          0x000087b0       0x2c c:/program files (x86)/gnu tools arm embedded/8 2018-q4-major/bin/../lib/gcc/arm-none-eabi/8.2.1/thumb/v7-m/nofp\libgcc.a(_arm_unorddf2.o)
                0x000087b0                __unorddf2
                0x000087b0                __aeabi_dcmpun
 .text          0x000087dc       0x50 c:/program files (x86)/gnu tools arm embedded/8 2018-q4-major/bin/../lib/gcc/arm-none-eabi/8.2.1/thumb/v7-m/nofp\libgcc.a(_arm_fixdfsi.o)
                0x000087dc                __aeabi_d2iz
                0x000087dc                __fixdfsi
 *(.glue_7t)
 .glue_7t       0x0000882c        0x0 linker stubs
 *(.glue_7)
 .glue_7        0x0000882c        0x0 linker stubs
 *(.rodata .rodata* .gnu.linkonce.r.*)
 .rodata        0x0000882c      0x342 ..\obj\GSMTask.o
 *fill*         0x00008b6e        0x2 
 .rodata        0x00008b70       0x3b ..\obj\lpc17xx_uart.o
 *fill*         0x00008bab        0x1 
 .rodata        0x00008bac       0x53 ..\obj\main.o
 *fill*         0x00008bff        0x1 
 .rodata        0x00008c00       0x14 ..\obj\extint.o
 .rodata        0x00008c14       0x23 ..\obj\lcd.o
                0x00008c14                DownArrow
                0x00008c1c                UpArrow
 *fill*         0x00008c37        0x1 
 .rodata._svfprintf_r.str1.4
                0x00008c38       0x42 c:/program files (x86)/gnu tools arm embedded/8 2018-q4-major/bin/../lib/gcc/arm-none-eabi/8.2.1/../../../../arm-none-eabi/lib/thumb/v7-m/nofp\libg.a(lib_a-svfprintf.o)
 *fill*         0x00008c7a        0x2 
 .rodata.blanks.7365
                0x00008c7c       0x10 c:/program files (x86)/gnu tools arm embedded/8 2018-q4-major/bin/../lib/gcc/arm-none-eabi/8.2.1/../../../../arm-none-eabi/lib/thumb/v7-m/nofp\libg.a(lib_a-svfprintf.o)
 .rodata.zeroes.7366
                0x00008c8c       0x10 c:/program files (x86)/gnu tools arm embedded/8 2018-q4-major/bin/../lib/gcc/arm-none-eabi/8.2.1/../../../../arm-none-eabi/lib/thumb/v7-m/nofp\libg.a(lib_a-svfprintf.o)
 .rodata._ctype_
                0x00008c9c      0x101 c:/program files (x86)/gnu tools arm embedded/8 2018-q4-major/bin/../lib/gcc/arm-none-eabi/8.2.1/../../../../arm-none-eabi/lib/thumb/v7-m/nofp\libg.a(lib_a-ctype_.o)
                0x00008c9c                _ctype_
 *fill*         0x00008d9d        0x3 
 .rodata._dtoa_r.str1.4
                0x00008da0        0xd c:/program files (x86)/gnu tools arm embedded/8 2018-q4-major/bin/../lib/gcc/arm-none-eabi/8.2.1/../../../../arm-none-eabi/lib/thumb/v7-m/nofp\libg.a(lib_a-dtoa.o)
                                 0x12 (size before relaxing)
 *fill*         0x00008dad        0x3 
 .rodata.__mprec_bigtens
                0x00008db0       0x28 c:/program files (x86)/gnu tools arm embedded/8 2018-q4-major/bin/../lib/gcc/arm-none-eabi/8.2.1/../../../../arm-none-eabi/lib/thumb/v7-m/nofp\libg.a(lib_a-mprec.o)
                0x00008db0                __mprec_bigtens
 .rodata.__mprec_tens
                0x00008dd8       0xc8 c:/program files (x86)/gnu tools arm embedded/8 2018-q4-major/bin/../lib/gcc/arm-none-eabi/8.2.1/../../../../arm-none-eabi/lib/thumb/v7-m/nofp\libg.a(lib_a-mprec.o)
                0x00008dd8                __mprec_tens
 .rodata.p05.6135
                0x00008ea0        0xc c:/program files (x86)/gnu tools arm embedded/8 2018-q4-major/bin/../lib/gcc/arm-none-eabi/8.2.1/../../../../arm-none-eabi/lib/thumb/v7-m/nofp\libg.a(lib_a-mprec.o)
 .rodata._setlocale_r.str1.4
                0x00008eac        0xa c:/program files (x86)/gnu tools arm embedded/8 2018-q4-major/bin/../lib/gcc/arm-none-eabi/8.2.1/../../../../arm-none-eabi/lib/thumb/v7-m/nofp\libg.a(lib_a-locale.o)
                                  0xd (size before relaxing)
 *fill*         0x00008eb6        0x2 
 .rodata.str1.4
                0x00008eb8        0x4 c:/program files (x86)/gnu tools arm embedded/8 2018-q4-major/bin/../lib/gcc/arm-none-eabi/8.2.1/../../../../arm-none-eabi/lib/thumb/v7-m/nofp\libg.a(lib_a-locale.o)
                                  0x2 (size before relaxing)

.vfp11_veneer   0x00008ebc        0x0
 .vfp11_veneer  0x00008ebc        0x0 linker stubs

.v4_bx          0x00008ebc        0x0
 .v4_bx         0x00008ebc        0x0 linker stubs

.iplt           0x00008ebc        0x0
 .iplt          0x00008ebc        0x0 ..\obj\GSMTask.o

.ARM.extab
 *(.ARM.extab* .gnu.linkonce.armextab.*)
                0x00008ebc                __exidx_start = .

.ARM.exidx      0x00008ebc        0x8
 *(.ARM.exidx* .gnu.linkonce.armexidx.*)
 .ARM.exidx     0x00008ebc        0x8 c:/program files (x86)/gnu tools arm embedded/8 2018-q4-major/bin/../lib/gcc/arm-none-eabi/8.2.1/thumb/v7-m/nofp\libgcc.a(_udivmoddi4.o)
                0x00008ec4                __exidx_end = .

.rel.dyn        0x00008ec4        0x0
 .rel.iplt      0x00008ec4        0x0 ..\obj\GSMTask.o
                0x00008ec4                . = ALIGN (0x4)
                0x00008ec4                _etext = .
                0x00008ec4                _sidata = .

.data           0x10000000      0x9bc load address 0x00008ec4
                0x10000000                _sdata = .
 *(.data .data.*)
 .data          0x10000000        0x4 ..\obj\system_LPC17xx.o
                0x10000000                SystemCoreClock
 .data          0x10000004        0xc ..\obj\UART.o
                0x10000004                UART0
                0x10000008                UART3
                0x1000000c                UART1
 .data._impure_ptr
                0x10000010        0x4 c:/program files (x86)/gnu tools arm embedded/8 2018-q4-major/bin/../lib/gcc/arm-none-eabi/8.2.1/../../../../arm-none-eabi/lib/thumb/v7-m/nofp\libg.a(lib_a-impure.o)
                0x10000010                _impure_ptr
 *fill*         0x10000014        0x4 
 .data.impure_data
                0x10000018      0x428 c:/program files (x86)/gnu tools arm embedded/8 2018-q4-major/bin/../lib/gcc/arm-none-eabi/8.2.1/../../../../arm-none-eabi/lib/thumb/v7-m/nofp\libg.a(lib_a-impure.o)
 .data.__malloc_av_
                0x10000440      0x408 c:/program files (x86)/gnu tools arm embedded/8 2018-q4-major/bin/../lib/gcc/arm-none-eabi/8.2.1/../../../../arm-none-eabi/lib/thumb/v7-m/nofp\libg.a(lib_a-mallocr.o)
                0x10000440                __malloc_av_
 .data.__malloc_sbrk_base
                0x10000848        0x4 c:/program files (x86)/gnu tools arm embedded/8 2018-q4-major/bin/../lib/gcc/arm-none-eabi/8.2.1/../../../../arm-none-eabi/lib/thumb/v7-m/nofp\libg.a(lib_a-mallocr.o)
                0x10000848                __malloc_sbrk_base
 .data.__malloc_trim_threshold
                0x1000084c        0x4 c:/program files (x86)/gnu tools arm embedded/8 2018-q4-major/bin/../lib/gcc/arm-none-eabi/8.2.1/../../../../arm-none-eabi/lib/thumb/v7-m/nofp\libg.a(lib_a-mallocr.o)
                0x1000084c                __malloc_trim_threshold
 .data.__global_locale
                0x10000850      0x16c c:/program files (x86)/gnu tools arm embedded/8 2018-q4-major/bin/../lib/gcc/arm-none-eabi/8.2.1/../../../../arm-none-eabi/lib/thumb/v7-m/nofp\libg.a(lib_a-locale.o)
                0x10000850                __global_locale
                0x100009bc                . = ALIGN (0x4)
                0x100009bc                _edata = .

.igot.plt       0x100009bc        0x0 load address 0x00009880
 .igot.plt      0x100009bc        0x0 ..\obj\GSMTask.o

.bss            0x100009bc      0x430 load address 0x00009880
                0x100009bc                _sbss = .
 *(.bss .bss.*)
 .bss           0x100009bc       0x20 ..\obj\lpc17xx_gpdma.o
 .bss           0x100009dc        0x4 ..\obj\syscalls.o
 .bss           0x100009e0        0x9 ..\obj\adc.o
                0x100009e0                ADC2Value
                0x100009e4                ADC0IntDone
 *fill*         0x100009e9        0x3 
 .bss.__malloc_current_mallinfo
                0x100009ec       0x28 c:/program files (x86)/gnu tools arm embedded/8 2018-q4-major/bin/../lib/gcc/arm-none-eabi/8.2.1/../../../../arm-none-eabi/lib/thumb/v7-m/nofp\libg.a(lib_a-mallocr.o)
                0x100009ec                __malloc_current_mallinfo
 .bss.__malloc_max_sbrked_mem
                0x10000a14        0x4 c:/program files (x86)/gnu tools arm embedded/8 2018-q4-major/bin/../lib/gcc/arm-none-eabi/8.2.1/../../../../arm-none-eabi/lib/thumb/v7-m/nofp\libg.a(lib_a-mallocr.o)
                0x10000a14                __malloc_max_sbrked_mem
 .bss.__malloc_max_total_mem
                0x10000a18        0x4 c:/program files (x86)/gnu tools arm embedded/8 2018-q4-major/bin/../lib/gcc/arm-none-eabi/8.2.1/../../../../arm-none-eabi/lib/thumb/v7-m/nofp\libg.a(lib_a-mallocr.o)
                0x10000a18                __malloc_max_total_mem
 .bss.__malloc_top_pad
                0x10000a1c        0x4 c:/program files (x86)/gnu tools arm embedded/8 2018-q4-major/bin/../lib/gcc/arm-none-eabi/8.2.1/../../../../arm-none-eabi/lib/thumb/v7-m/nofp\libg.a(lib_a-mallocr.o)
                0x10000a1c                __malloc_top_pad
 *(COMMON)
 COMMON         0x10000a20      0x228 ..\obj\GSMTask.o
                0x10000a20                RecBuffer
                0x10000b20                br
                0x10000b24                Number
                0x10000b44                bw
                0x10000b48                SendCmdBuffer
 COMMON         0x10000c48        0xc ..\obj\lpc17xx_uart.o
                0x10000c48                UART3Status
                0x10000c4c                UART1Status
                0x10000c50                UART0Status
 COMMON         0x10000c54        0x8 ..\obj\main.o
                0x10000c54                water
                0x10000c58                checkvalue
 COMMON         0x10000c5c      0x168 ..\obj\UART.o
                0x10000c5c                Uart3BufRx
                0x10000cc0                UART3CirBuf
                0x10000cd4                Uart0BufRx
                0x10000d38                UART0CirBuf
                0x10000d4c                Uart1BufRx
                0x10000db0                UART1CirBuf
 COMMON         0x10000dc4       0x21 c:/program files (x86)/gnu tools arm embedded/8 2018-q4-major/bin/../lib/gcc/arm-none-eabi/8.2.1/../../../../arm-none-eabi/lib/thumb/v7-m/nofp\libg.a(lib_a-lock.o)
                0x10000dc4                __lock___atexit_recursive_mutex
                0x10000dc8                __lock___arc4random_mutex
                0x10000dcc                __lock___env_recursive_mutex
                0x10000dd0                __lock___sinit_recursive_mutex
                0x10000dd4                __lock___malloc_recursive_mutex
                0x10000dd8                __lock___at_quick_exit_mutex
                0x10000ddc                __lock___dd_hash_mutex
                0x10000de0                __lock___tz_mutex
                0x10000de4                __lock___sfp_recursive_mutex
 *fill*         0x10000de5        0x3 
 COMMON         0x10000de8        0x4 c:/program files (x86)/gnu tools arm embedded/8 2018-q4-major/bin/../lib/gcc/arm-none-eabi/8.2.1/../../../../arm-none-eabi/lib/thumb/v7-m/nofp\libg.a(lib_a-reent.o)
                0x10000de8                errno
                0x10000dec                . = ALIGN (0x4)
                0x10000dec                _ebss = .

.co_stack       0x10000dec      0x404 load address 0x00009cb0
                0x10000df0                . = ALIGN (0x8)
 *fill*         0x10000dec        0x4 
 *(.co_stack .co_stack.*)
 .co_stack      0x10000df0      0x400 ..\obj\startup_LPC17xx.o
                0x10000df0                pulStack
                0x100011f0                . = ALIGN (0x4)
                0x100011f0                _end = .
LOAD ..\obj\GSMTask.o
LOAD ..\obj\lpc17xx_iap.o
LOAD ..\obj\i2c.o
LOAD ..\obj\lpc17xx_timer.o
LOAD ..\obj\core_cm3.o
LOAD ..\obj\buzzer.o
LOAD ..\obj\lpc17xx_clkpwr.o
LOAD ..\obj\system_LPC17xx.o
LOAD ..\obj\sdcard.o
LOAD ..\obj\lpc17xx_uart.o
LOAD ..\obj\lpc17xx_adc.o
LOAD ..\obj\lpc17xx_utils.o
LOAD ..\obj\lpc17xx_gpdma.o
LOAD ..\obj\main.o
LOAD ..\obj\utils.o
LOAD ..\obj\extint.o
LOAD ..\obj\lpc17xx_gpio.o
LOAD ..\obj\lpc17xx_wdt.o
LOAD ..\obj\Keypad.o
LOAD ..\obj\lpc1768_spi.o
LOAD ..\obj\startup_LPC17xx.o
LOAD ..\obj\lpc17xx_ssp.o
LOAD ..\obj\lpc17xx_libcfg_default.o
LOAD ..\obj\lpc17xx_pinsel.o
LOAD ..\obj\lpc17xx_spi.o
LOAD ..\obj\syscalls.o
LOAD ..\obj\lpc17xx_i2c.o
LOAD ..\obj\Wifi.o
LOAD ..\obj\adc.o
LOAD ..\obj\lcd.o
LOAD ..\obj\UART.o
LOAD ..\obj\battery.o
LOAD ..\obj\circular_buf.o
START GROUP
LOAD c:/program files (x86)/gnu tools arm embedded/8 2018-q4-major/bin/../lib/gcc/arm-none-eabi/8.2.1/thumb/v7-m/nofp\libgcc.a
LOAD c:/program files (x86)/gnu tools arm embedded/8 2018-q4-major/bin/../lib/gcc/arm-none-eabi/8.2.1/../../../../arm-none-eabi/lib/thumb/v7-m/nofp\libg.a
LOAD c:/program files (x86)/gnu tools arm embedded/8 2018-q4-major/bin/../lib/gcc/arm-none-eabi/8.2.1/../../../../arm-none-eabi/lib/thumb/v7-m/nofp\libc.a
END GROUP
OUTPUT(bms_iot_kit.elf elf32-littlearm)

.debug_info     0x00000000     0xbbba
 .debug_info    0x00000000     0x130a ..\obj\GSMTask.o
 .debug_info    0x0000130a       0xd4 ..\obj\buzzer.o
 .debug_info    0x000013de      0x620 ..\obj\lpc17xx_clkpwr.o
 .debug_info    0x000019fe      0x4bc ..\obj\system_LPC17xx.o
 .debug_info    0x00001eba     0x1394 ..\obj\lpc17xx_uart.o
 .debug_info    0x0000324e      0xf2b ..\obj\lpc17xx_gpdma.o
 .debug_info    0x00004179      0xae4 ..\obj\main.o
 .debug_info    0x00004c5d      0xc83 ..\obj\utils.o
 .debug_info    0x000058e0      0xa49 ..\obj\extint.o
 .debug_info    0x00006329      0xdf9 ..\obj\lpc17xx_gpio.o
 .debug_info    0x00007122      0x363 ..\obj\lpc17xx_wdt.o
 .debug_info    0x00007485      0x101 ..\obj\Keypad.o
 .debug_info    0x00007586      0x11b ..\obj\startup_LPC17xx.o
 .debug_info    0x000076a1       0xde ..\obj\lpc17xx_libcfg_default.o
 .debug_info    0x0000777f      0x499 ..\obj\lpc17xx_pinsel.o
 .debug_info    0x00007c18      0xd60 ..\obj\syscalls.o
 .debug_info    0x00008978      0x6b0 ..\obj\adc.o
 .debug_info    0x00009028      0xfc6 ..\obj\lcd.o
 .debug_info    0x00009fee     0x1878 ..\obj\UART.o
 .debug_info    0x0000b866      0x354 ..\obj\circular_buf.o

.debug_abbrev   0x00000000     0x25d8
 .debug_abbrev  0x00000000      0x3dd ..\obj\GSMTask.o
 .debug_abbrev  0x000003dd       0x66 ..\obj\buzzer.o
 .debug_abbrev  0x00000443      0x1d2 ..\obj\lpc17xx_clkpwr.o
 .debug_abbrev  0x00000615       0xf7 ..\obj\system_LPC17xx.o
 .debug_abbrev  0x0000070c      0x2a4 ..\obj\lpc17xx_uart.o
 .debug_abbrev  0x000009b0      0x262 ..\obj\lpc17xx_gpdma.o
 .debug_abbrev  0x00000c12      0x29d ..\obj\main.o
 .debug_abbrev  0x00000eaf      0x280 ..\obj\utils.o
 .debug_abbrev  0x0000112f      0x230 ..\obj\extint.o
 .debug_abbrev  0x0000135f      0x258 ..\obj\lpc17xx_gpio.o
 .debug_abbrev  0x000015b7      0x19c ..\obj\lpc17xx_wdt.o
 .debug_abbrev  0x00001753       0x75 ..\obj\Keypad.o
 .debug_abbrev  0x000017c8       0xc4 ..\obj\startup_LPC17xx.o
 .debug_abbrev  0x0000188c       0x6f ..\obj\lpc17xx_libcfg_default.o
 .debug_abbrev  0x000018fb      0x158 ..\obj\lpc17xx_pinsel.o
 .debug_abbrev  0x00001a53      0x23f ..\obj\syscalls.o
 .debug_abbrev  0x00001c92      0x1a9 ..\obj\adc.o
 .debug_abbrev  0x00001e3b      0x302 ..\obj\lcd.o
 .debug_abbrev  0x0000213d      0x38c ..\obj\UART.o
 .debug_abbrev  0x000024c9      0x10f ..\obj\circular_buf.o

.debug_aranges  0x00000000      0x938
 .debug_aranges
                0x00000000      0x160 ..\obj\GSMTask.o
 .debug_aranges
                0x00000160       0x30 ..\obj\buzzer.o
 .debug_aranges
                0x00000190       0x60 ..\obj\lpc17xx_clkpwr.o
 .debug_aranges
                0x000001f0       0x28 ..\obj\system_LPC17xx.o
 .debug_aranges
                0x00000218      0x118 ..\obj\lpc17xx_uart.o
 .debug_aranges
                0x00000330       0x48 ..\obj\lpc17xx_gpdma.o
 .debug_aranges
                0x00000378       0x48 ..\obj\main.o
 .debug_aranges
                0x000003c0       0x60 ..\obj\utils.o
 .debug_aranges
                0x00000420       0x58 ..\obj\extint.o
 .debug_aranges
                0x00000478       0xf8 ..\obj\lpc17xx_gpio.o
 .debug_aranges
                0x00000570       0x68 ..\obj\lpc17xx_wdt.o
 .debug_aranges
                0x000005d8       0x38 ..\obj\Keypad.o
 .debug_aranges
                0x00000610       0x28 ..\obj\startup_LPC17xx.o
 .debug_aranges
                0x00000638       0x20 ..\obj\lpc17xx_libcfg_default.o
 .debug_aranges
                0x00000658       0x48 ..\obj\lpc17xx_pinsel.o
 .debug_aranges
                0x000006a0       0x60 ..\obj\syscalls.o
 .debug_aranges
                0x00000700       0x38 ..\obj\adc.o
 .debug_aranges
                0x00000738       0xd0 ..\obj\lcd.o
 .debug_aranges
                0x00000808       0xe0 ..\obj\UART.o
 .debug_aranges
                0x000008e8       0x50 ..\obj\circular_buf.o

.debug_ranges   0x00000000      0x7f8
 .debug_ranges  0x00000000      0x150 ..\obj\GSMTask.o
 .debug_ranges  0x00000150       0x20 ..\obj\buzzer.o
 .debug_ranges  0x00000170       0x50 ..\obj\lpc17xx_clkpwr.o
 .debug_ranges  0x000001c0       0x18 ..\obj\system_LPC17xx.o
 .debug_ranges  0x000001d8      0x108 ..\obj\lpc17xx_uart.o
 .debug_ranges  0x000002e0       0x38 ..\obj\lpc17xx_gpdma.o
 .debug_ranges  0x00000318       0x38 ..\obj\main.o
 .debug_ranges  0x00000350       0x50 ..\obj\utils.o
 .debug_ranges  0x000003a0       0x48 ..\obj\extint.o
 .debug_ranges  0x000003e8       0xe8 ..\obj\lpc17xx_gpio.o
 .debug_ranges  0x000004d0       0x58 ..\obj\lpc17xx_wdt.o
 .debug_ranges  0x00000528       0x28 ..\obj\Keypad.o
 .debug_ranges  0x00000550       0x18 ..\obj\startup_LPC17xx.o
 .debug_ranges  0x00000568       0x10 ..\obj\lpc17xx_libcfg_default.o
 .debug_ranges  0x00000578       0x38 ..\obj\lpc17xx_pinsel.o
 .debug_ranges  0x000005b0       0x50 ..\obj\syscalls.o
 .debug_ranges  0x00000600       0x28 ..\obj\adc.o
 .debug_ranges  0x00000628       0xc0 ..\obj\lcd.o
 .debug_ranges  0x000006e8       0xd0 ..\obj\UART.o
 .debug_ranges  0x000007b8       0x40 ..\obj\circular_buf.o

.debug_line     0x00000000     0x596e
 .debug_line    0x00000000      0xbd9 ..\obj\GSMTask.o
 .debug_line    0x00000bd9      0x199 ..\obj\buzzer.o
 .debug_line    0x00000d72      0x377 ..\obj\lpc17xx_clkpwr.o
 .debug_line    0x000010e9      0x388 ..\obj\system_LPC17xx.o
 .debug_line    0x00001471      0xe86 ..\obj\lpc17xx_uart.o
 .debug_line    0x000022f7      0x508 ..\obj\lpc17xx_gpdma.o
 .debug_line    0x000027ff      0x37b ..\obj\main.o
 .debug_line    0x00002b7a      0x471 ..\obj\utils.o
 .debug_line    0x00002feb      0x3bf ..\obj\extint.o
 .debug_line    0x000033aa      0x696 ..\obj\lpc17xx_gpio.o
 .debug_line    0x00003a40      0x41c ..\obj\lpc17xx_wdt.o
 .debug_line    0x00003e5c      0x1ff ..\obj\Keypad.o
 .debug_line    0x0000405b       0xad ..\obj\startup_LPC17xx.o
 .debug_line    0x00004108      0x152 ..\obj\lpc17xx_libcfg_default.o
 .debug_line    0x0000425a      0x30a ..\obj\lpc17xx_pinsel.o
 .debug_line    0x00004564      0x309 ..\obj\syscalls.o
 .debug_line    0x0000486d      0x29b ..\obj\adc.o
 .debug_line    0x00004b08      0x580 ..\obj\lcd.o
 .debug_line    0x00005088      0x65a ..\obj\UART.o
 .debug_line    0x000056e2      0x28c ..\obj\circular_buf.o

.debug_str      0x00000000     0x2f14
 .debug_str     0x00000000      0x8f8 ..\obj\GSMTask.o
                                0x99a (size before relaxing)
 .debug_str     0x000008f8       0x47 ..\obj\buzzer.o
                                0x1bc (size before relaxing)
 .debug_str     0x0000093f      0x2ba ..\obj\lpc17xx_clkpwr.o
                                0x431 (size before relaxing)
 .debug_str     0x00000bf9       0x56 ..\obj\system_LPC17xx.o
                                0x36a (size before relaxing)
 .debug_str     0x00000c4f      0xa31 ..\obj\lpc17xx_uart.o
                                0xc91 (size before relaxing)
 .debug_str     0x00001680      0x4a0 ..\obj\lpc17xx_gpdma.o
                                0x829 (size before relaxing)
 .debug_str     0x00001b20       0xb2 ..\obj\main.o
                                0x639 (size before relaxing)
 .debug_str     0x00001bd2       0x90 ..\obj\utils.o
                                0x602 (size before relaxing)
 .debug_str     0x00001c62      0x592 ..\obj\extint.o
                                0x769 (size before relaxing)
 .debug_str     0x000021f4      0x288 ..\obj\lpc17xx_gpio.o
                                0x611 (size before relaxing)
 .debug_str     0x0000247c      0x198 ..\obj\lpc17xx_wdt.o
                                0x368 (size before relaxing)
 .debug_str     0x00002614       0x61 ..\obj\Keypad.o
                                0x1d6 (size before relaxing)
 .debug_str     0x00002675       0xb1 ..\obj\startup_LPC17xx.o
                                0x192 (size before relaxing)
 .debug_str     0x00002726       0x52 ..\obj\lpc17xx_libcfg_default.o
                                0x1cd (size before relaxing)
 .debug_str     0x00002778      0x15b ..\obj\lpc17xx_pinsel.o
                                0x41a (size before relaxing)
 .debug_str     0x000028d3      0x185 ..\obj\syscalls.o
                                0x71d (size before relaxing)
 .debug_str     0x00002a58       0xb9 ..\obj\adc.o
                                0x502 (size before relaxing)
 .debug_str     0x00002b11      0x182 ..\obj\lcd.o
                                0x876 (size before relaxing)
 .debug_str     0x00002c93      0x1cc ..\obj\UART.o
                                0xcfb (size before relaxing)
 .debug_str     0x00002e5f       0xb5 ..\obj\circular_buf.o
                                0x24e (size before relaxing)

.comment        0x00000000       0x75
 .comment       0x00000000       0x75 ..\obj\GSMTask.o
                                 0x76 (size before relaxing)
 .comment       0x00000075       0x76 ..\obj\buzzer.o
 .comment       0x00000075       0x76 ..\obj\lpc17xx_clkpwr.o
 .comment       0x00000075       0x76 ..\obj\system_LPC17xx.o
 .comment       0x00000075       0x76 ..\obj\lpc17xx_uart.o
 .comment       0x00000075       0x76 ..\obj\lpc17xx_gpdma.o
 .comment       0x00000075       0x76 ..\obj\main.o
 .comment       0x00000075       0x76 ..\obj\utils.o
 .comment       0x00000075       0x76 ..\obj\extint.o
 .comment       0x00000075       0x76 ..\obj\lpc17xx_gpio.o
 .comment       0x00000075       0x76 ..\obj\lpc17xx_wdt.o
 .comment       0x00000075       0x76 ..\obj\Keypad.o
 .comment       0x00000075       0x76 ..\obj\startup_LPC17xx.o
 .comment       0x00000075       0x76 ..\obj\lpc17xx_libcfg_default.o
 .comment       0x00000075       0x76 ..\obj\lpc17xx_pinsel.o
 .comment       0x00000075       0x76 ..\obj\syscalls.o
 .comment       0x00000075       0x76 ..\obj\adc.o
 .comment       0x00000075       0x76 ..\obj\lcd.o
 .comment       0x00000075       0x76 ..\obj\UART.o
 .comment       0x00000075       0x76 ..\obj\circular_buf.o

.ARM.attributes
                0x00000000       0x2b
 .ARM.attributes
                0x00000000       0x2d ..\obj\GSMTask.o
 .ARM.attributes
                0x0000002d       0x2d ..\obj\buzzer.o
 .ARM.attributes
                0x0000005a       0x2d ..\obj\lpc17xx_clkpwr.o
 .ARM.attributes
                0x00000087       0x2d ..\obj\system_LPC17xx.o
 .ARM.attributes
                0x000000b4       0x2d ..\obj\lpc17xx_uart.o
 .ARM.attributes
                0x000000e1       0x2d ..\obj\lpc17xx_gpdma.o
 .ARM.attributes
                0x0000010e       0x2d ..\obj\main.o
 .ARM.attributes
                0x0000013b       0x2d ..\obj\utils.o
 .ARM.attributes
                0x00000168       0x2d ..\obj\extint.o
 .ARM.attributes
                0x00000195       0x2d ..\obj\lpc17xx_gpio.o
 .ARM.attributes
                0x000001c2       0x2d ..\obj\lpc17xx_wdt.o
 .ARM.attributes
                0x000001ef       0x2d ..\obj\Keypad.o
 .ARM.attributes
                0x0000021c       0x2d ..\obj\startup_LPC17xx.o
 .ARM.attributes
                0x00000249       0x2d ..\obj\lpc17xx_libcfg_default.o
 .ARM.attributes
                0x00000276       0x2d ..\obj\lpc17xx_pinsel.o
 .ARM.attributes
                0x000002a3       0x2d ..\obj\syscalls.o
 .ARM.attributes
                0x000002d0       0x2d ..\obj\adc.o
 .ARM.attributes
                0x000002fd       0x2d ..\obj\lcd.o
 .ARM.attributes
                0x0000032a       0x2d ..\obj\UART.o
 .ARM.attributes
                0x00000357       0x2d ..\obj\circular_buf.o
 .ARM.attributes
                0x00000384       0x1d c:/program files (x86)/gnu tools arm embedded/8 2018-q4-major/bin/../lib/gcc/arm-none-eabi/8.2.1/thumb/v7-m/nofp\libgcc.a(_arm_addsubdf3.o)
 .ARM.attributes
                0x000003a1       0x1d c:/program files (x86)/gnu tools arm embedded/8 2018-q4-major/bin/../lib/gcc/arm-none-eabi/8.2.1/thumb/v7-m/nofp\libgcc.a(_arm_cmpdf2.o)
 .ARM.attributes
                0x000003be       0x1d c:/program files (x86)/gnu tools arm embedded/8 2018-q4-major/bin/../lib/gcc/arm-none-eabi/8.2.1/thumb/v7-m/nofp\libgcc.a(_aeabi_uldivmod.o)
 .ARM.attributes
                0x000003db       0x2d c:/program files (x86)/gnu tools arm embedded/8 2018-q4-major/bin/../lib/gcc/arm-none-eabi/8.2.1/thumb/v7-m/nofp\libgcc.a(_udivmoddi4.o)
 .ARM.attributes
                0x00000408       0x1d c:/program files (x86)/gnu tools arm embedded/8 2018-q4-major/bin/../lib/gcc/arm-none-eabi/8.2.1/thumb/v7-m/nofp\libgcc.a(_dvmd_tls.o)
 .ARM.attributes
                0x00000425       0x2d c:/program files (x86)/gnu tools arm embedded/8 2018-q4-major/bin/../lib/gcc/arm-none-eabi/8.2.1/../../../../arm-none-eabi/lib/thumb/v7-m/nofp\libg.a(lib_a-atoi.o)
 .ARM.attributes
                0x00000452       0x1b c:/program files (x86)/gnu tools arm embedded/8 2018-q4-major/bin/../lib/gcc/arm-none-eabi/8.2.1/../../../../arm-none-eabi/lib/thumb/v7-m/nofp\libg.a(lib_a-memcpy.o)
 .ARM.attributes
                0x0000046d       0x2d c:/program files (x86)/gnu tools arm embedded/8 2018-q4-major/bin/../lib/gcc/arm-none-eabi/8.2.1/../../../../arm-none-eabi/lib/thumb/v7-m/nofp\libg.a(lib_a-memset.o)
 .ARM.attributes
                0x0000049a       0x2d c:/program files (x86)/gnu tools arm embedded/8 2018-q4-major/bin/../lib/gcc/arm-none-eabi/8.2.1/../../../../arm-none-eabi/lib/thumb/v7-m/nofp\libg.a(lib_a-sprintf.o)
 .ARM.attributes
                0x000004c7       0x2d c:/program files (x86)/gnu tools arm embedded/8 2018-q4-major/bin/../lib/gcc/arm-none-eabi/8.2.1/../../../../arm-none-eabi/lib/thumb/v7-m/nofp\libg.a(lib_a-strchr.o)
 .ARM.attributes
                0x000004f4       0x2d c:/program files (x86)/gnu tools arm embedded/8 2018-q4-major/bin/../lib/gcc/arm-none-eabi/8.2.1/../../../../arm-none-eabi/lib/thumb/v7-m/nofp\libg.a(lib_a-strcpy.o)
 .ARM.attributes
                0x00000521       0x2d c:/program files (x86)/gnu tools arm embedded/8 2018-q4-major/bin/../lib/gcc/arm-none-eabi/8.2.1/../../../../arm-none-eabi/lib/thumb/v7-m/nofp\libg.a(lib_a-strlen-stub.o)
 .ARM.attributes
                0x0000054e       0x2d c:/program files (x86)/gnu tools arm embedded/8 2018-q4-major/bin/../lib/gcc/arm-none-eabi/8.2.1/../../../../arm-none-eabi/lib/thumb/v7-m/nofp\libg.a(lib_a-strncpy.o)
 .ARM.attributes
                0x0000057b       0x2d c:/program files (x86)/gnu tools arm embedded/8 2018-q4-major/bin/../lib/gcc/arm-none-eabi/8.2.1/../../../../arm-none-eabi/lib/thumb/v7-m/nofp\libg.a(lib_a-strstr.o)
 .ARM.attributes
                0x000005a8       0x2d c:/program files (x86)/gnu tools arm embedded/8 2018-q4-major/bin/../lib/gcc/arm-none-eabi/8.2.1/../../../../arm-none-eabi/lib/thumb/v7-m/nofp\libg.a(lib_a-strtol.o)
 .ARM.attributes
                0x000005d5       0x2d c:/program files (x86)/gnu tools arm embedded/8 2018-q4-major/bin/../lib/gcc/arm-none-eabi/8.2.1/../../../../arm-none-eabi/lib/thumb/v7-m/nofp\libg.a(lib_a-svfprintf.o)
 .ARM.attributes
                0x00000602       0x2d c:/program files (x86)/gnu tools arm embedded/8 2018-q4-major/bin/../lib/gcc/arm-none-eabi/8.2.1/../../../../arm-none-eabi/lib/thumb/v7-m/nofp\libg.a(lib_a-ctype_.o)
 .ARM.attributes
                0x0000062f       0x2d c:/program files (x86)/gnu tools arm embedded/8 2018-q4-major/bin/../lib/gcc/arm-none-eabi/8.2.1/../../../../arm-none-eabi/lib/thumb/v7-m/nofp\libg.a(lib_a-dtoa.o)
 .ARM.attributes
                0x0000065c       0x2d c:/program files (x86)/gnu tools arm embedded/8 2018-q4-major/bin/../lib/gcc/arm-none-eabi/8.2.1/../../../../arm-none-eabi/lib/thumb/v7-m/nofp\libg.a(lib_a-freer.o)
 .ARM.attributes
                0x00000689       0x2d c:/program files (x86)/gnu tools arm embedded/8 2018-q4-major/bin/../lib/gcc/arm-none-eabi/8.2.1/../../../../arm-none-eabi/lib/thumb/v7-m/nofp\libg.a(lib_a-impure.o)
 .ARM.attributes
                0x000006b6       0x2d c:/program files (x86)/gnu tools arm embedded/8 2018-q4-major/bin/../lib/gcc/arm-none-eabi/8.2.1/../../../../arm-none-eabi/lib/thumb/v7-m/nofp\libg.a(lib_a-localeconv.o)
 .ARM.attributes
                0x000006e3       0x2d c:/program files (x86)/gnu tools arm embedded/8 2018-q4-major/bin/../lib/gcc/arm-none-eabi/8.2.1/../../../../arm-none-eabi/lib/thumb/v7-m/nofp\libg.a(lib_a-mallocr.o)
 .ARM.attributes
                0x00000710       0x2d c:/program files (x86)/gnu tools arm embedded/8 2018-q4-major/bin/../lib/gcc/arm-none-eabi/8.2.1/../../../../arm-none-eabi/lib/thumb/v7-m/nofp\libg.a(lib_a-memchr-stub.o)
 .ARM.attributes
                0x0000073d       0x2d c:/program files (x86)/gnu tools arm embedded/8 2018-q4-major/bin/../lib/gcc/arm-none-eabi/8.2.1/../../../../arm-none-eabi/lib/thumb/v7-m/nofp\libg.a(lib_a-memcmp.o)
 .ARM.attributes
                0x0000076a       0x2d c:/program files (x86)/gnu tools arm embedded/8 2018-q4-major/bin/../lib/gcc/arm-none-eabi/8.2.1/../../../../arm-none-eabi/lib/thumb/v7-m/nofp\libg.a(lib_a-mlock.o)
 .ARM.attributes
                0x00000797       0x2d c:/program files (x86)/gnu tools arm embedded/8 2018-q4-major/bin/../lib/gcc/arm-none-eabi/8.2.1/../../../../arm-none-eabi/lib/thumb/v7-m/nofp\libg.a(lib_a-mprec.o)
 .ARM.attributes
                0x000007c4       0x2d c:/program files (x86)/gnu tools arm embedded/8 2018-q4-major/bin/../lib/gcc/arm-none-eabi/8.2.1/../../../../arm-none-eabi/lib/thumb/v7-m/nofp\libg.a(lib_a-s_frexp.o)
 .ARM.attributes
                0x000007f1       0x2d c:/program files (x86)/gnu tools arm embedded/8 2018-q4-major/bin/../lib/gcc/arm-none-eabi/8.2.1/../../../../arm-none-eabi/lib/thumb/v7-m/nofp\libg.a(lib_a-sbrkr.o)
 .ARM.attributes
                0x0000081e       0x2d c:/program files (x86)/gnu tools arm embedded/8 2018-q4-major/bin/../lib/gcc/arm-none-eabi/8.2.1/../../../../arm-none-eabi/lib/thumb/v7-m/nofp\libg.a(lib_a-strnlen.o)
 .ARM.attributes
                0x0000084b       0x2d c:/program files (x86)/gnu tools arm embedded/8 2018-q4-major/bin/../lib/gcc/arm-none-eabi/8.2.1/../../../../arm-none-eabi/lib/thumb/v7-m/nofp\libg.a(lib_a-svfiprintf.o)
 .ARM.attributes
                0x00000878       0x2d c:/program files (x86)/gnu tools arm embedded/8 2018-q4-major/bin/../lib/gcc/arm-none-eabi/8.2.1/../../../../arm-none-eabi/lib/thumb/v7-m/nofp\libg.a(lib_a-callocr.o)
 .ARM.attributes
                0x000008a5       0x2d c:/program files (x86)/gnu tools arm embedded/8 2018-q4-major/bin/../lib/gcc/arm-none-eabi/8.2.1/../../../../arm-none-eabi/lib/thumb/v7-m/nofp\libg.a(lib_a-locale.o)
 .ARM.attributes
                0x000008d2       0x2d c:/program files (x86)/gnu tools arm embedded/8 2018-q4-major/bin/../lib/gcc/arm-none-eabi/8.2.1/../../../../arm-none-eabi/lib/thumb/v7-m/nofp\libg.a(lib_a-lock.o)
 .ARM.attributes
                0x000008ff       0x2d c:/program files (x86)/gnu tools arm embedded/8 2018-q4-major/bin/../lib/gcc/arm-none-eabi/8.2.1/../../../../arm-none-eabi/lib/thumb/v7-m/nofp\libg.a(lib_a-mbtowc_r.o)
 .ARM.attributes
                0x0000092c       0x2d c:/program files (x86)/gnu tools arm embedded/8 2018-q4-major/bin/../lib/gcc/arm-none-eabi/8.2.1/../../../../arm-none-eabi/lib/thumb/v7-m/nofp\libg.a(lib_a-memmove.o)
 .ARM.attributes
                0x00000959       0x2d c:/program files (x86)/gnu tools arm embedded/8 2018-q4-major/bin/../lib/gcc/arm-none-eabi/8.2.1/../../../../arm-none-eabi/lib/thumb/v7-m/nofp\libg.a(lib_a-reallocr.o)
 .ARM.attributes
                0x00000986       0x2d c:/program files (x86)/gnu tools arm embedded/8 2018-q4-major/bin/../lib/gcc/arm-none-eabi/8.2.1/../../../../arm-none-eabi/lib/thumb/v7-m/nofp\libg.a(lib_a-reent.o)
 .ARM.attributes
                0x000009b3       0x2d c:/program files (x86)/gnu tools arm embedded/8 2018-q4-major/bin/../lib/gcc/arm-none-eabi/8.2.1/../../../../arm-none-eabi/lib/thumb/v7-m/nofp\libg.a(lib_a-wctomb_r.o)
 .ARM.attributes
                0x000009e0       0x1d c:/program files (x86)/gnu tools arm embedded/8 2018-q4-major/bin/../lib/gcc/arm-none-eabi/8.2.1/thumb/v7-m/nofp\libgcc.a(_arm_muldivdf3.o)
 .ARM.attributes
                0x000009fd       0x1d c:/program files (x86)/gnu tools arm embedded/8 2018-q4-major/bin/../lib/gcc/arm-none-eabi/8.2.1/thumb/v7-m/nofp\libgcc.a(_arm_unorddf2.o)
 .ARM.attributes
                0x00000a1a       0x1d c:/program files (x86)/gnu tools arm embedded/8 2018-q4-major/bin/../lib/gcc/arm-none-eabi/8.2.1/thumb/v7-m/nofp\libgcc.a(_arm_fixdfsi.o)

.debug_frame    0x00000000     0x2f30
 .debug_frame   0x00000000      0x5b8 ..\obj\GSMTask.o
 .debug_frame   0x000005b8       0x64 ..\obj\buzzer.o
 .debug_frame   0x0000061c      0x13c ..\obj\lpc17xx_clkpwr.o
 .debug_frame   0x00000758       0x50 ..\obj\system_LPC17xx.o
 .debug_frame   0x000007a8      0x4b0 ..\obj\lpc17xx_uart.o
 .debug_frame   0x00000c58       0xec ..\obj\lpc17xx_gpdma.o
 .debug_frame   0x00000d44       0xc0 ..\obj\main.o
 .debug_frame   0x00000e04      0x174 ..\obj\utils.o
 .debug_frame   0x00000f78      0x144 ..\obj\extint.o
 .debug_frame   0x000010bc      0x428 ..\obj\lpc17xx_gpio.o
 .debug_frame   0x000014e4      0x160 ..\obj\lpc17xx_wdt.o
 .debug_frame   0x00001644       0x80 ..\obj\Keypad.o
 .debug_frame   0x000016c4       0x4c ..\obj\startup_LPC17xx.o
 .debug_frame   0x00001710       0x2c ..\obj\lpc17xx_libcfg_default.o
 .debug_frame   0x0000173c       0xfc ..\obj\lpc17xx_pinsel.o
 .debug_frame   0x00001838      0x168 ..\obj\syscalls.o
 .debug_frame   0x000019a0       0x9c ..\obj\adc.o
 .debug_frame   0x00001a3c      0x2f4 ..\obj\lcd.o
 .debug_frame   0x00001d30      0x384 ..\obj\UART.o
 .debug_frame   0x000020b4      0x118 ..\obj\circular_buf.o
 .debug_frame   0x000021cc       0xac c:/program files (x86)/gnu tools arm embedded/8 2018-q4-major/bin/../lib/gcc/arm-none-eabi/8.2.1/thumb/v7-m/nofp\libgcc.a(_arm_addsubdf3.o)
 .debug_frame   0x00002278       0xc4 c:/program files (x86)/gnu tools arm embedded/8 2018-q4-major/bin/../lib/gcc/arm-none-eabi/8.2.1/thumb/v7-m/nofp\libgcc.a(_arm_cmpdf2.o)
 .debug_frame   0x0000233c       0x2c c:/program files (x86)/gnu tools arm embedded/8 2018-q4-major/bin/../lib/gcc/arm-none-eabi/8.2.1/thumb/v7-m/nofp\libgcc.a(_aeabi_uldivmod.o)
 .debug_frame   0x00002368       0x34 c:/program files (x86)/gnu tools arm embedded/8 2018-q4-major/bin/../lib/gcc/arm-none-eabi/8.2.1/thumb/v7-m/nofp\libgcc.a(_udivmoddi4.o)
 .debug_frame   0x0000239c       0x30 c:/program files (x86)/gnu tools arm embedded/8 2018-q4-major/bin/../lib/gcc/arm-none-eabi/8.2.1/../../../../arm-none-eabi/lib/thumb/v7-m/nofp\libg.a(lib_a-atoi.o)
 .debug_frame   0x000023cc       0x38 c:/program files (x86)/gnu tools arm embedded/8 2018-q4-major/bin/../lib/gcc/arm-none-eabi/8.2.1/../../../../arm-none-eabi/lib/thumb/v7-m/nofp\libg.a(lib_a-memset.o)
 .debug_frame   0x00002404       0x80 c:/program files (x86)/gnu tools arm embedded/8 2018-q4-major/bin/../lib/gcc/arm-none-eabi/8.2.1/../../../../arm-none-eabi/lib/thumb/v7-m/nofp\libg.a(lib_a-sprintf.o)
 .debug_frame   0x00002484       0x30 c:/program files (x86)/gnu tools arm embedded/8 2018-q4-major/bin/../lib/gcc/arm-none-eabi/8.2.1/../../../../arm-none-eabi/lib/thumb/v7-m/nofp\libg.a(lib_a-strchr.o)
 .debug_frame   0x000024b4       0x20 c:/program files (x86)/gnu tools arm embedded/8 2018-q4-major/bin/../lib/gcc/arm-none-eabi/8.2.1/../../../../arm-none-eabi/lib/thumb/v7-m/nofp\libg.a(lib_a-strcpy.o)
 .debug_frame   0x000024d4       0x20 c:/program files (x86)/gnu tools arm embedded/8 2018-q4-major/bin/../lib/gcc/arm-none-eabi/8.2.1/../../../../arm-none-eabi/lib/thumb/v7-m/nofp\libg.a(lib_a-strlen-stub.o)
 .debug_frame   0x000024f4       0x38 c:/program files (x86)/gnu tools arm embedded/8 2018-q4-major/bin/../lib/gcc/arm-none-eabi/8.2.1/../../../../arm-none-eabi/lib/thumb/v7-m/nofp\libg.a(lib_a-strncpy.o)
 .debug_frame   0x0000252c       0x80 c:/program files (x86)/gnu tools arm embedded/8 2018-q4-major/bin/../lib/gcc/arm-none-eabi/8.2.1/../../../../arm-none-eabi/lib/thumb/v7-m/nofp\libg.a(lib_a-strstr.o)
 .debug_frame   0x000025ac       0x80 c:/program files (x86)/gnu tools arm embedded/8 2018-q4-major/bin/../lib/gcc/arm-none-eabi/8.2.1/../../../../arm-none-eabi/lib/thumb/v7-m/nofp\libg.a(lib_a-strtol.o)
 .debug_frame   0x0000262c       0x40 c:/program files (x86)/gnu tools arm embedded/8 2018-q4-major/bin/../lib/gcc/arm-none-eabi/8.2.1/../../../../arm-none-eabi/lib/thumb/v7-m/nofp\libg.a(lib_a-svfprintf.o)
 .debug_frame   0x0000266c       0x8c c:/program files (x86)/gnu tools arm embedded/8 2018-q4-major/bin/../lib/gcc/arm-none-eabi/8.2.1/../../../../arm-none-eabi/lib/thumb/v7-m/nofp\libg.a(lib_a-dtoa.o)
 .debug_frame   0x000026f8       0x80 c:/program files (x86)/gnu tools arm embedded/8 2018-q4-major/bin/../lib/gcc/arm-none-eabi/8.2.1/../../../../arm-none-eabi/lib/thumb/v7-m/nofp\libg.a(lib_a-freer.o)
 .debug_frame   0x00002778       0x40 c:/program files (x86)/gnu tools arm embedded/8 2018-q4-major/bin/../lib/gcc/arm-none-eabi/8.2.1/../../../../arm-none-eabi/lib/thumb/v7-m/nofp\libg.a(lib_a-localeconv.o)
 .debug_frame   0x000027b8       0x4c c:/program files (x86)/gnu tools arm embedded/8 2018-q4-major/bin/../lib/gcc/arm-none-eabi/8.2.1/../../../../arm-none-eabi/lib/thumb/v7-m/nofp\libg.a(lib_a-mallocr.o)
 .debug_frame   0x00002804       0x34 c:/program files (x86)/gnu tools arm embedded/8 2018-q4-major/bin/../lib/gcc/arm-none-eabi/8.2.1/../../../../arm-none-eabi/lib/thumb/v7-m/nofp\libg.a(lib_a-memchr-stub.o)
 .debug_frame   0x00002838       0x38 c:/program files (x86)/gnu tools arm embedded/8 2018-q4-major/bin/../lib/gcc/arm-none-eabi/8.2.1/../../../../arm-none-eabi/lib/thumb/v7-m/nofp\libg.a(lib_a-memcmp.o)
 .debug_frame   0x00002870       0x30 c:/program files (x86)/gnu tools arm embedded/8 2018-q4-major/bin/../lib/gcc/arm-none-eabi/8.2.1/../../../../arm-none-eabi/lib/thumb/v7-m/nofp\libg.a(lib_a-mlock.o)
 .debug_frame   0x000028a0      0x260 c:/program files (x86)/gnu tools arm embedded/8 2018-q4-major/bin/../lib/gcc/arm-none-eabi/8.2.1/../../../../arm-none-eabi/lib/thumb/v7-m/nofp\libg.a(lib_a-mprec.o)
 .debug_frame   0x00002b00       0x30 c:/program files (x86)/gnu tools arm embedded/8 2018-q4-major/bin/../lib/gcc/arm-none-eabi/8.2.1/../../../../arm-none-eabi/lib/thumb/v7-m/nofp\libg.a(lib_a-s_frexp.o)
 .debug_frame   0x00002b30       0x2c c:/program files (x86)/gnu tools arm embedded/8 2018-q4-major/bin/../lib/gcc/arm-none-eabi/8.2.1/../../../../arm-none-eabi/lib/thumb/v7-m/nofp\libg.a(lib_a-sbrkr.o)
 .debug_frame   0x00002b5c       0x30 c:/program files (x86)/gnu tools arm embedded/8 2018-q4-major/bin/../lib/gcc/arm-none-eabi/8.2.1/../../../../arm-none-eabi/lib/thumb/v7-m/nofp\libg.a(lib_a-strnlen.o)
 .debug_frame   0x00002b8c       0x74 c:/program files (x86)/gnu tools arm embedded/8 2018-q4-major/bin/../lib/gcc/arm-none-eabi/8.2.1/../../../../arm-none-eabi/lib/thumb/v7-m/nofp\libg.a(lib_a-svfiprintf.o)
 .debug_frame   0x00002c00       0x28 c:/program files (x86)/gnu tools arm embedded/8 2018-q4-major/bin/../lib/gcc/arm-none-eabi/8.2.1/../../../../arm-none-eabi/lib/thumb/v7-m/nofp\libg.a(lib_a-callocr.o)
 .debug_frame   0x00002c28       0x54 c:/program files (x86)/gnu tools arm embedded/8 2018-q4-major/bin/../lib/gcc/arm-none-eabi/8.2.1/../../../../arm-none-eabi/lib/thumb/v7-m/nofp\libg.a(lib_a-locale.o)
 .debug_frame   0x00002c7c       0xb0 c:/program files (x86)/gnu tools arm embedded/8 2018-q4-major/bin/../lib/gcc/arm-none-eabi/8.2.1/../../../../arm-none-eabi/lib/thumb/v7-m/nofp\libg.a(lib_a-lock.o)
 .debug_frame   0x00002d2c       0x4c c:/program files (x86)/gnu tools arm embedded/8 2018-q4-major/bin/../lib/gcc/arm-none-eabi/8.2.1/../../../../arm-none-eabi/lib/thumb/v7-m/nofp\libg.a(lib_a-mbtowc_r.o)
 .debug_frame   0x00002d78       0x40 c:/program files (x86)/gnu tools arm embedded/8 2018-q4-major/bin/../lib/gcc/arm-none-eabi/8.2.1/../../../../arm-none-eabi/lib/thumb/v7-m/nofp\libg.a(lib_a-memmove.o)
 .debug_frame   0x00002db8       0x48 c:/program files (x86)/gnu tools arm embedded/8 2018-q4-major/bin/../lib/gcc/arm-none-eabi/8.2.1/../../../../arm-none-eabi/lib/thumb/v7-m/nofp\libg.a(lib_a-reallocr.o)
 .debug_frame   0x00002e00       0x60 c:/program files (x86)/gnu tools arm embedded/8 2018-q4-major/bin/../lib/gcc/arm-none-eabi/8.2.1/../../../../arm-none-eabi/lib/thumb/v7-m/nofp\libg.a(lib_a-reent.o)
 .debug_frame   0x00002e60       0x3c c:/program files (x86)/gnu tools arm embedded/8 2018-q4-major/bin/../lib/gcc/arm-none-eabi/8.2.1/../../../../arm-none-eabi/lib/thumb/v7-m/nofp\libg.a(lib_a-wctomb_r.o)
 .debug_frame   0x00002e9c       0x50 c:/program files (x86)/gnu tools arm embedded/8 2018-q4-major/bin/../lib/gcc/arm-none-eabi/8.2.1/thumb/v7-m/nofp\libgcc.a(_arm_muldivdf3.o)
 .debug_frame   0x00002eec       0x20 c:/program files (x86)/gnu tools arm embedded/8 2018-q4-major/bin/../lib/gcc/arm-none-eabi/8.2.1/thumb/v7-m/nofp\libgcc.a(_arm_unorddf2.o)
 .debug_frame   0x00002f0c       0x24 c:/program files (x86)/gnu tools arm embedded/8 2018-q4-major/bin/../lib/gcc/arm-none-eabi/8.2.1/thumb/v7-m/nofp\libgcc.a(_arm_fixdfsi.o)
