Archive member included to satisfy reference by file (symbol)

c:/program files (x86)/gnu tools arm embedded/8 2018-q4-major/bin/../lib/gcc/arm-none-eabi/8.2.1/thumb/v7-m/nofp\libgcc.a(_arm_addsubdf3.o)
                              ..\obj\battery.o (__aeabi_i2d)
c:/program files (x86)/gnu tools arm embedded/8 2018-q4-major/bin/../lib/gcc/arm-none-eabi/8.2.1/thumb/v7-m/nofp\libgcc.a(_arm_cmpdf2.o)
                              ..\obj\battery.o (__aeabi_dcmple)
c:/program files (x86)/gnu tools arm embedded/8 2018-q4-major/bin/../lib/gcc/arm-none-eabi/8.2.1/thumb/v7-m/nofp\libgcc.a(_arm_fixunsdfsi.o)
                              ..\obj\battery.o (__aeabi_d2uiz)
c:/program files (x86)/gnu tools arm embedded/8 2018-q4-major/bin/../lib/gcc/arm-none-eabi/8.2.1/thumb/v7-m/nofp\libgcc.a(_aeabi_uldivmod.o)
                              ..\obj\lpc17xx_timer.o (__aeabi_uldivmod)
c:/program files (x86)/gnu tools arm embedded/8 2018-q4-major/bin/../lib/gcc/arm-none-eabi/8.2.1/thumb/v7-m/nofp\libgcc.a(_udivmoddi4.o)
                              c:/program files (x86)/gnu tools arm embedded/8 2018-q4-major/bin/../lib/gcc/arm-none-eabi/8.2.1/thumb/v7-m/nofp\libgcc.a(_aeabi_uldivmod.o) (__udivmoddi4)
c:/program files (x86)/gnu tools arm embedded/8 2018-q4-major/bin/../lib/gcc/arm-none-eabi/8.2.1/thumb/v7-m/nofp\libgcc.a(_dvmd_tls.o)
                              c:/program files (x86)/gnu tools arm embedded/8 2018-q4-major/bin/../lib/gcc/arm-none-eabi/8.2.1/thumb/v7-m/nofp\libgcc.a(_aeabi_uldivmod.o) (__aeabi_ldiv0)
c:/program files (x86)/gnu tools arm embedded/8 2018-q4-major/bin/../lib/gcc/arm-none-eabi/8.2.1/../../../../arm-none-eabi/lib/thumb/v7-m/nofp\libg.a(lib_a-atoi.o)
                              ..\obj\GSMTask.o (atoi)
c:/program files (x86)/gnu tools arm embedded/8 2018-q4-major/bin/../lib/gcc/arm-none-eabi/8.2.1/../../../../arm-none-eabi/lib/thumb/v7-m/nofp\libg.a(lib_a-memcpy.o)
                              ..\obj\battery.o (memcpy)
c:/program files (x86)/gnu tools arm embedded/8 2018-q4-major/bin/../lib/gcc/arm-none-eabi/8.2.1/../../../../arm-none-eabi/lib/thumb/v7-m/nofp\libg.a(lib_a-memset.o)
                              ..\obj\GSMTask.o (memset)
c:/program files (x86)/gnu tools arm embedded/8 2018-q4-major/bin/../lib/gcc/arm-none-eabi/8.2.1/../../../../arm-none-eabi/lib/thumb/v7-m/nofp\libg.a(lib_a-sprintf.o)
                              ..\obj\GSMTask.o (sprintf)
c:/program files (x86)/gnu tools arm embedded/8 2018-q4-major/bin/../lib/gcc/arm-none-eabi/8.2.1/../../../../arm-none-eabi/lib/thumb/v7-m/nofp\libg.a(lib_a-strcat.o)
                              ..\obj\Wifi.o (strcat)
c:/program files (x86)/gnu tools arm embedded/8 2018-q4-major/bin/../lib/gcc/arm-none-eabi/8.2.1/../../../../arm-none-eabi/lib/thumb/v7-m/nofp\libg.a(lib_a-strchr.o)
                              ..\obj\GSMTask.o (strchr)
c:/program files (x86)/gnu tools arm embedded/8 2018-q4-major/bin/../lib/gcc/arm-none-eabi/8.2.1/../../../../arm-none-eabi/lib/thumb/v7-m/nofp\libg.a(lib_a-strcpy.o)
                              ..\obj\main.o (strcpy)
c:/program files (x86)/gnu tools arm embedded/8 2018-q4-major/bin/../lib/gcc/arm-none-eabi/8.2.1/../../../../arm-none-eabi/lib/thumb/v7-m/nofp\libg.a(lib_a-strlen-stub.o)
                              ..\obj\GSMTask.o (strlen)
c:/program files (x86)/gnu tools arm embedded/8 2018-q4-major/bin/../lib/gcc/arm-none-eabi/8.2.1/../../../../arm-none-eabi/lib/thumb/v7-m/nofp\libg.a(lib_a-strncpy.o)
                              ..\obj\GSMTask.o (strncpy)
c:/program files (x86)/gnu tools arm embedded/8 2018-q4-major/bin/../lib/gcc/arm-none-eabi/8.2.1/../../../../arm-none-eabi/lib/thumb/v7-m/nofp\libg.a(lib_a-strrchr.o)
                              ..\obj\GSMTask.o (strrchr)
c:/program files (x86)/gnu tools arm embedded/8 2018-q4-major/bin/../lib/gcc/arm-none-eabi/8.2.1/../../../../arm-none-eabi/lib/thumb/v7-m/nofp\libg.a(lib_a-strstr.o)
                              ..\obj\GSMTask.o (strstr)
c:/program files (x86)/gnu tools arm embedded/8 2018-q4-major/bin/../lib/gcc/arm-none-eabi/8.2.1/../../../../arm-none-eabi/lib/thumb/v7-m/nofp\libg.a(lib_a-strtol.o)
                              c:/program files (x86)/gnu tools arm embedded/8 2018-q4-major/bin/../lib/gcc/arm-none-eabi/8.2.1/../../../../arm-none-eabi/lib/thumb/v7-m/nofp\libg.a(lib_a-atoi.o) (_strtol_r)
c:/program files (x86)/gnu tools arm embedded/8 2018-q4-major/bin/../lib/gcc/arm-none-eabi/8.2.1/../../../../arm-none-eabi/lib/thumb/v7-m/nofp\libg.a(lib_a-svfprintf.o)
                              c:/program files (x86)/gnu tools arm embedded/8 2018-q4-major/bin/../lib/gcc/arm-none-eabi/8.2.1/../../../../arm-none-eabi/lib/thumb/v7-m/nofp\libg.a(lib_a-sprintf.o) (_svfprintf_r)
c:/program files (x86)/gnu tools arm embedded/8 2018-q4-major/bin/../lib/gcc/arm-none-eabi/8.2.1/../../../../arm-none-eabi/lib/thumb/v7-m/nofp\libg.a(lib_a-ctype_.o)
[...]
Memory Configuration

Name             Origin             Length             Attributes
rom              0x00000000         0x00080000         xr
ram              0x10000000         0x00008000         xrw
ram1             0x2007c000         0x00008000         xrw
*default*        0x00000000         0xffffffff

Linker script and memory map

                0x10008000                _eram = 0x10008000

.text           0x00000000     0x8b54
 *(.isr_vector .isr_vector.*)
 .isr_vector    0x00000000       0xcc ..\obj\startup_LPC17xx.o
                0x00000000                g_pfnVectors
 *(.text .text.* .gnu.linkonce.t.*)
 .text.GSMSend  0x000000cc       0x3c ..\obj\GSMTask.o
                0x000000cc                GSMSend
 .text.SendMSGToMobile
                0x00000108       0x94 ..\obj\GSMTask.o
                0x00000108                SendMSGToMobile
 .text.GSMWaitForOk
                0x0000019c       0x90 ..\obj\GSMTask.o
                0x0000019c                GSMWaitForOk
 .text.DeleteAllSmsFromMemory
                0x0000022c       0x54 ..\obj\GSMTask.o
                0x0000022c                DeleteAllSmsFromMemory
 .text.DeleteAllMsg
                0x00000280       0xa8 ..\obj\GSMTask.o
                0x00000280                DeleteAllMsg
 .text.GSMSendCmdForSelectingTextMode
                0x00000328       0x9c ..\obj\GSMTask.o
                0x00000328                GSMSendCmdForSelectingTextMode
 .text.GSMSendCmdForSelectingMobileNo
                0x000003c4       0x98 ..\obj\GSMTask.o
                0x000003c4                GSMSendCmdForSelectingMobileNo
 .text.GetGSMReciveData
                0x0000045c       0x68 ..\obj\GSMTask.o
                0x0000045c                GetGSMReciveData
 .text.SendReqdMsg
                0x000004c4      0x150 ..\obj\GSMTask.o
                0x000004c4                SendReqdMsg
 .text.SendReqdIndexMsg
                0x00000614       0x60 ..\obj\GSMTask.o
                0x00000614                SendReqdIndexMsg
 .text.ProcessBTCommands
                0x00000674      0x184 ..\obj\GSMTask.o
                0x00000674                ProcessBTCommands
 .text.InitilizeBluetooth
                0x000007f8      0x130 ..\obj\GSMTask.o
                0x000007f8                InitilizeBluetooth
 .text.BTDeviceUnpair
                0x00000928       0xac ..\obj\GSMTask.o
                0x00000928                BTDeviceUnpair
 .text.CheckForTextModeProtocol
                0x000009d4      0x118 ..\obj\GSMTask.o
                0x000009d4                CheckForTextModeProtocol
 .text.BuzzerInit
                0x00000aec       0x14 ..\obj\buzzer.o
                0x00000aec                BuzzerInit
 .text.BuzzerOff
                0x00000b00       0x12 ..\obj\buzzer.o
                0x00000b00                BuzzerOff
 *fill*         0x00000b12        0x2 
 .text.CLKPWR_GetPCLKSEL
                0x00000b14       0x48 ..\obj\lpc17xx_clkpwr.o
                0x00000b14                CLKPWR_GetPCLKSEL
 .text.CLKPWR_GetPCLK
                0x00000b5c       0x64 ..\obj\lpc17xx_clkpwr.o
                0x00000b5c                CLKPWR_GetPCLK
 .text.CLKPWR_ConfigPPWR
                0x00000bc0       0x58 ..\obj\lpc17xx_clkpwr.o
                0x00000bc0                CLKPWR_ConfigPPWR
 .text.SystemCoreClockUpdate
                0x00000c18      0x164 ..\obj\system_LPC17xx.o
                0x00000c18                SystemCoreClockUpdate
 .text.SystemInit
                0x00000d7c      0x150 ..\obj\system_LPC17xx.o
                0x00000d7c                SystemInit
 .text.uart_set_divisors
                0x00000ecc      0x2a8 ..\obj\lpc17xx_uart.o
 .text.UART_Init
                0x00001174      0x2e0 ..\obj\lpc17xx_uart.o
                0x00001174                UART_Init
 .text.UART_ConfigStructInit
                0x00001454       0x2c ..\obj\lpc17xx_uart.o
                0x00001454                UART_ConfigStructInit
 .text.UART_SendByte
                0x00001480       0x68 ..\obj\lpc17xx_uart.o
                0x00001480                UART_SendByte
 .text.UART_Send
                0x000014e8       0xea ..\obj\lpc17xx_uart.o
                0x000014e8                UART_Send
 *fill*         0x000015d2        0x2 
 .text.UART_IntConfig
                0x000015d4      0x184 ..\obj\lpc17xx_uart.o
                0x000015d4                UART_IntConfig
 .text.UART_TxCmd
                0x00001758       0xc8 ..\obj\lpc17xx_uart.o
                0x00001758                UART_TxCmd
 .text.UART0_IRQHandler
                0x00001820       0xac ..\obj\lpc17xx_uart.o
                0x00001820                UART0_IRQHandler
 .text.UART3_IRQHandler
                0x000018cc       0xb0 ..\obj\lpc17xx_uart.o
                0x000018cc                UART3_IRQHandler
 .text.UART1_IRQHandler
                0x0000197c       0xac ..\obj\lpc17xx_uart.o
                0x0000197c                UART1_IRQHandler
 .text.DMA_IRQHandler
                0x00001a28       0xb0 ..\obj\lpc17xx_gpdma.o
                0x00001a28                DMA_IRQHandler
 .text.main     0x00001ad8      0x1f8 ..\obj\main.o
                0x00001ad8                main
 .text.s_memset
                0x00001cd0       0x30 ..\obj\utils.o
                0x00001cd0                s_memset
 .text.vTaskDelay
                0x00001d00       0x44 ..\obj\utils.o
                0x00001d00                vTaskDelay
 .text.GPIO_GetPointer
                0x00001d44       0x70 ..\obj\lpc17xx_gpio.o
 .text.GPIO_SetDir
                0x00001db4       0x4a ..\obj\lpc17xx_gpio.o
                0x00001db4                GPIO_SetDir
 .text.GPIO_ClearValue
                0x00001dfe       0x2a ..\obj\lpc17xx_gpio.o
                0x00001dfe                GPIO_ClearValue
 .text.GPIO_ReadValue
                0x00001e28       0x2a ..\obj\lpc17xx_gpio.o
                0x00001e28                GPIO_ReadValue
 .text.__enable_irq
                0x00001e52        0xe ..\obj\lpc17xx_wdt.o
 .text.__disable_irq
                0x00001e60        0xe ..\obj\lpc17xx_wdt.o
 .text.WDT_Feed
                0x00001e6e       0x20 ..\obj\lpc17xx_wdt.o
                0x00001e6e                WDT_Feed
 .text.ReadKeyPress1
                0x00001e8e       0x2a ..\obj\Keypad.o
                0x00001e8e                ReadKeyPress1
 .text.ReadKeyPress2
                0x00001eb8       0x2a ..\obj\Keypad.o
                0x00001eb8                ReadKeyPress2
 .text.ReadKeyPress3
                0x00001ee2       0x2a ..\obj\Keypad.o
                0x00001ee2                ReadKeyPress3
 .text.ReadKeyPress4
                0x00001f0c       0x2a ..\obj\Keypad.o
                0x00001f0c                ReadKeyPress4
 *fill*         0x00001f36        0x2 
 .text.Default_Reset_Handler
                0x00001f38       0x60 ..\obj\startup_LPC17xx.o
                0x00001f38                Default_Reset_Handler
                0x00001f38                Reset_Handler
 .text.Default_Handler
                0x00001f98        0x6 ..\obj\startup_LPC17xx.o
                0x00001f98                TIMER2_IRQHandler
                0x00001f98                DebugMon_Handler
                0x00001f98                RIT_IRQHandler
                0x00001f98                I2C0_IRQHandler
                0x00001f98                HardFault_Handler
                0x00001f98                SysTick_Handler
                0x00001f98                USBActivity_IRQHandler
                0x00001f98                PWM1_IRQHandler
                0x00001f98                PendSV_Handler
                0x00001f98                NMI_Handler
                0x00001f98                I2C1_IRQHandler
                0x00001f98                EINT2_IRQHandler
                0x00001f98                EINT3_IRQHandler
                0x00001f98                CANActivity_IRQHandler
                0x00001f98                TIMER3_IRQHandler
                0x00001f98                UsageFault_Handler
                0x00001f98                PLL0_IRQHandler
                0x00001f98                CAN_IRQHandler
                0x00001f98                PLL1_IRQHandler
                0x00001f98                SSP0_IRQHandler
                0x00001f98                I2S_IRQHandler
                0x00001f98                I2C2_IRQHandler
                0x00001f98                RTC_IRQHandler
                0x00001f98                TIMER0_IRQHandler
                0x00001f98                SPI_IRQHandler
                0x00001f98                EINT1_IRQHandler
                0x00001f98                TIMER1_IRQHandler
                0x00001f98                UART2_IRQHandler
                0x00001f98                ADC_IRQHandler
                0x00001f98                SSP1_IRQHandler
                0x00001f98                USB_IRQHandler
                0x00001f98                BOD_IRQHandler
                0x00001f98                MemManage_Handler
                0x00001f98                WDT_IRQHandler
                0x00001f98                SVC_Handler
                0x00001f98                QEI_IRQHandler
                0x00001f98                EINT0_IRQHandler
                0x00001f98                BusFault_Handler
                0x00001f98                MCPWM_IRQHandler
                0x00001f98                ENET_IRQHandler
 .text.check_failed
                0x00001f9e        0xc ..\obj\lpc17xx_libcfg_default.o
                0x00001f9e                check_failed
 *fill*         0x00001faa        0x2 
 .text.set_PinFunc
                0x00001fac       0x80 ..\obj\lpc17xx_pinsel.o
 .text.set_ResistorMode
                0x0000202c       0x80 ..\obj\lpc17xx_pinsel.o
 .text.set_OpenDrainMode
                0x000020ac       0x68 ..\obj\lpc17xx_pinsel.o
 .text.PINSEL_ConfigPin
                0x00002114       0x46 ..\obj\lpc17xx_pinsel.o
                0x00002114                PINSEL_ConfigPin
 *fill*         0x0000215a        0x2 
 .text._sbrk    0x0000215c       0x3c ..\obj\syscalls.o
                0x0000215c                _sbrk
 .text.ResetWifiModem
                0x00002198       0x9c ..\obj\Wifi.o
                0x00002198                ResetWifiModem
 .text.SetWifiMode
                0x00002234       0xb4 ..\obj\Wifi.o
                0x00002234                SetWifiMode
 .text.ConnectWifiSSIDAndPassword
                0x000022e8      0x11c ..\obj\Wifi.o
                0x000022e8                ConnectWifiSSIDAndPassword
 .text.EnableMultipleConnection
                0x00002404       0xa0 ..\obj\Wifi.o
                0x00002404                EnableMultipleConnection
 .text.SetPortAndConnectAsServer
                0x000024a4       0xa8 ..\obj\Wifi.o
                0x000024a4                SetPortAndConnectAsServer
 .text.CheckIPAddress
                0x0000254c       0xa0 ..\obj\Wifi.o
                0x0000254c                CheckIPAddress
 .text.ConfigureWifiInit
                0x000025ec       0x38 ..\obj\Wifi.o
                0x000025ec                ConfigureWifiInit
 .text.ADCInit  0x00002624       0xb8 ..\obj\adc.o
                0x00002624                ADCInit
 .text.ADCPinselInitilization
                0x000026dc       0x58 ..\obj\adc.o
                0x000026dc                ADCPinselInitilization
 .text.ADC0Read
                0x00002734       0x88 ..\obj\adc.o
                0x00002734                ADC0Read
 .text.delay    0x000027bc       0x40 ..\obj\lcd.o
                0x000027bc                delay
 .text.wait_lcd
                0x000027fc       0x78 ..\obj\lcd.o
 .text.lcd_write_4bit
                0x00002874       0x5c ..\obj\lcd.o
 .text.lcd_command_write
                0x000028d0       0x3c ..\obj\lcd.o
 .text.lcd_data_write
                0x0000290c       0x3c ..\obj\lcd.o
 .text.set_lcd_port_output
                0x00002948       0x74 ..\obj\lcd.o
 .text.lcd_clear
                0x000029bc       0x16 ..\obj\lcd.o
                0x000029bc                lcd_clear
 .text.lcd_gotoxy
                0x000029d2       0x56 ..\obj\lcd.o
 .text.lcd_putchar
                0x00002a28       0x1a ..\obj\lcd.o
                0x00002a28                lcd_putchar
 .text.lcd_putstring
                0x00002a42       0x46 ..\obj\lcd.o
                0x00002a42                lcd_putstring
 .text.lcd_init
                0x00002a88       0x4a ..\obj\lcd.o
                0x00002a88                lcd_init
 .text.EnableCursor
                0x00002ad2        0xe ..\obj\lcd.o
                0x00002ad2                EnableCursor
 .text.NVIC_EnableIRQ
                0x00002ae0       0x30 ..\obj\UART.o
 .text.NVIC_SetPriority
                0x00002b10       0x54 ..\obj\UART.o
 .text.ConfigureUart3Pins
                0x00002b64       0x36 ..\obj\UART.o
                0x00002b64                ConfigureUart3Pins
 *fill*         0x00002b9a        0x2 
 .text.ConfigureUart3
                0x00002b9c       0x70 ..\obj\UART.o
                0x00002b9c                ConfigureUart3
 .text.FlushUART3Buffer
                0x00002c0c       0x14 ..\obj\UART.o
                0x00002c0c                FlushUART3Buffer
 .text.UART3_Send_Buffer
                0x00002c20       0x28 ..\obj\UART.o
                0x00002c20                UART3_Send_Buffer
 .text.uart3_get_byte
                0x00002c48       0x24 ..\obj\UART.o
                0x00002c48                uart3_get_byte
 .text.uart3_get_byte_count
                0x00002c6c       0x24 ..\obj\UART.o
                0x00002c6c                uart3_get_byte_count
 .text.uart1_get_byte_count
                0x00002c90       0x24 ..\obj\UART.o
                0x00002c90                uart1_get_byte_count
 .text.UART1_Send_Buffer
                0x00002cb4       0x28 ..\obj\UART.o
                0x00002cb4                UART1_Send_Buffer
 .text.uart1_get_byte
                0x00002cdc       0x24 ..\obj\UART.o
                0x00002cdc                uart1_get_byte
 .text.CirBufInit
                0x00002d00       0x58 ..\obj\circular_buf.o
                0x00002d00                CirBufInit
 .text.getCirBufAvailableSize
                0x00002d58       0x30 ..\obj\circular_buf.o
                0x00002d58                getCirBufAvailableSize
 .text.getCirBufSize
                0x00002d88       0x6e ..\obj\circular_buf.o
                0x00002d88                getCirBufSize
 .text.pushToCirBuf
                0x00002df6       0x9e ..\obj\circular_buf.o
                0x00002df6                pushToCirBuf
 .text.popFromCirBuf
                0x00002e94       0x9a ..\obj\circular_buf.o
                0x00002e94                popFromCirBuf
 .text.flushCirBuf
                0x00002f2e       0x46 ..\obj\circular_buf.o
                0x00002f2e                flushCirBuf
 .text          0x00002f74      0x378 c:/program files (x86)/gnu tools arm embedded/8 2018-q4-major/bin/../lib/gcc/arm-none-eabi/8.2.1/thumb/v7-m/nofp\libgcc.a(_arm_addsubdf3.o)
                0x00002f74                __aeabi_drsub
                0x00002f7c                __aeabi_dsub
                0x00002f7c                __subdf3
                0x00002f80                __aeabi_dadd
                0x00002f80                __adddf3
                0x000031f8                __floatunsidf
                0x000031f8                __aeabi_ui2d
                0x00003218                __floatsidf
                0x00003218                __aeabi_i2d
                0x0000323c                __aeabi_f2d
                0x0000323c                __extendsfdf2
                0x00003280                __floatundidf
                0x00003280                __aeabi_ul2d
                0x00003290                __floatdidf
                0x00003290                __aeabi_l2d
 .text          0x000032ec      0x110 c:/program files (x86)/gnu tools arm embedded/8 2018-q4-major/bin/../lib/gcc/arm-none-eabi/8.2.1/thumb/v7-m/nofp\libgcc.a(_arm_cmpdf2.o)
                0x000032ec                __gtdf2
                0x000032ec                __gedf2
                0x000032f4                __ltdf2
                0x000032f4                __ledf2
                0x000032fc                __nedf2
                0x000032fc                __eqdf2
                0x000032fc                __cmpdf2
                0x00003378                __aeabi_cdrcmple
                0x00003388                __aeabi_cdcmpeq
                0x00003388                __aeabi_cdcmple
                0x00003398                __aeabi_dcmpeq
                0x000033ac                __aeabi_dcmplt
                0x000033c0                __aeabi_dcmple
                0x000033d4                __aeabi_dcmpge
                0x000033e8                __aeabi_dcmpgt
 .text          0x000033fc       0x30 c:/program files (x86)/gnu tools arm embedded/8 2018-q4-major/bin/../lib/gcc/arm-none-eabi/8.2.1/thumb/v7-m/nofp\libgcc.a(_aeabi_uldivmod.o)
                0x000033fc                __aeabi_uldivmod
 .text          0x0000342c      0x2d0 c:/program files (x86)/gnu tools arm embedded/8 2018-q4-major/bin/../lib/gcc/arm-none-eabi/8.2.1/thumb/v7-m/nofp\libgcc.a(_udivmoddi4.o)
                0x0000342c                __udivmoddi4
 .text          0x000036fc        0x4 c:/program files (x86)/gnu tools arm embedded/8 2018-q4-major/bin/../lib/gcc/arm-none-eabi/8.2.1/thumb/v7-m/nofp\libgcc.a(_dvmd_tls.o)
                0x000036fc                __aeabi_idiv0
                0x000036fc                __aeabi_ldiv0
 .text.atoi     0x00003700        0x8 c:/program files (x86)/gnu tools arm embedded/8 2018-q4-major/bin/../lib/gcc/arm-none-eabi/8.2.1/../../../../arm-none-eabi/lib/thumb/v7-m/nofp\libg.a(lib_a-atoi.o)
                0x00003700                atoi
 .text          0x00003708       0xec c:/program files (x86)/gnu tools arm embedded/8 2018-q4-major/bin/../lib/gcc/arm-none-eabi/8.2.1/../../../../arm-none-eabi/lib/thumb/v7-m/nofp\libg.a(lib_a-memcpy.o)
                0x00003708                memcpy
 .text.memset   0x000037f4       0xa0 c:/program files (x86)/gnu tools arm embedded/8 2018-q4-major/bin/../lib/gcc/arm-none-eabi/8.2.1/../../../../arm-none-eabi/lib/thumb/v7-m/nofp\libg.a(lib_a-memset.o)
                0x000037f4                memset
 .text.sprintf  0x00003894       0x44 c:/program files (x86)/gnu tools arm embedded/8 2018-q4-major/bin/../lib/gcc/arm-none-eabi/8.2.1/../../../../arm-none-eabi/lib/thumb/v7-m/nofp\libg.a(lib_a-sprintf.o)
                0x00003894                sprintf
 .text.strcat   0x000038d8       0x40 c:/program files (x86)/gnu tools arm embedded/8 2018-q4-major/bin/../lib/gcc/arm-none-eabi/8.2.1/../../../../arm-none-eabi/lib/thumb/v7-m/nofp\libg.a(lib_a-strcat.o)
                0x000038d8                strcat
 .text.strchr   0x00003918       0xc8 c:/program files (x86)/gnu tools arm embedded/8 2018-q4-major/bin/../lib/gcc/arm-none-eabi/8.2.1/../../../../arm-none-eabi/lib/thumb/v7-m/nofp\libg.a(lib_a-strchr.o)
                0x00003918                strchr
 .text.strcpy   0x000039e0       0xbc c:/program files (x86)/gnu tools arm embedded/8 2018-q4-major/bin/../lib/gcc/arm-none-eabi/8.2.1/../../../../arm-none-eabi/lib/thumb/v7-m/nofp\libg.a(lib_a-strcpy.o)
                0x000039e0                strcpy
 .text.strlen   0x00003a9c       0x5c c:/program files (x86)/gnu tools arm embedded/8 2018-q4-major/bin/../lib/gcc/arm-none-eabi/8.2.1/../../../../arm-none-eabi/lib/thumb/v7-m/nofp\libg.a(lib_a-strlen-stub.o)
                0x00003a9c                strlen
 .text.strncpy  0x00003af8       0x74 c:/program files (x86)/gnu tools arm embedded/8 2018-q4-major/bin/../lib/gcc/arm-none-eabi/8.2.1/../../../../arm-none-eabi/lib/thumb/v7-m/nofp\libg.a(lib_a-strncpy.o)
                0x00003af8                strncpy
 .text.two_way_long_needle
                0x00003b6c      0x2d8 c:/program files (x86)/gnu tools arm embedded/8 2018-q4-major/bin/../lib/gcc/arm-none-eabi/8.2.1/../../../../arm-none-eabi/lib/thumb/v7-m/nofp\libg.a(lib_a-strstr.o)
 .text.strstr   0x00003e44      0x180 c:/program files (x86)/gnu tools arm embedded/8 2018-q4-major/bin/../lib/gcc/arm-none-eabi/8.2.1/../../../../arm-none-eabi/lib/thumb/v7-m/nofp\libg.a(lib_a-strstr.o)
                0x00003e44                strstr
 .text._strtol_l.isra.0
                0x00003fc4      0x110 c:/program files (x86)/gnu tools arm embedded/8 2018-q4-major/bin/../lib/gcc/arm-none-eabi/8.2.1/../../../../arm-none-eabi/lib/thumb/v7-m/nofp\libg.a(lib_a-strtol.o)
 .text.strtol   0x000040d4       0x18 c:/program files (x86)/gnu tools arm embedded/8 2018-q4-major/bin/../lib/gcc/arm-none-eabi/8.2.1/../../../../arm-none-eabi/lib/thumb/v7-m/nofp\libg.a(lib_a-strtol.o)
                0x000040d4                strtol
 .text._svfprintf_r
                0x000040ec     0x1a58 c:/program files (x86)/gnu tools arm embedded/8 2018-q4-major/bin/../lib/gcc/arm-none-eabi/8.2.1/../../../../arm-none-eabi/lib/thumb/v7-m/nofp\libg.a(lib_a-svfprintf.o)
                0x000040ec                _svfprintf_r
 .text.quorem   0x00005b44      0x12c c:/program files (x86)/gnu tools arm embedded/8 2018-q4-major/bin/../lib/gcc/arm-none-eabi/8.2.1/../../../../arm-none-eabi/lib/thumb/v7-m/nofp\libg.a(lib_a-dtoa.o)
 .text._dtoa_r  0x00005c70      0xe6c c:/program files (x86)/gnu tools arm embedded/8 2018-q4-major/bin/../lib/gcc/arm-none-eabi/8.2.1/../../../../arm-none-eabi/lib/thumb/v7-m/nofp\libg.a(lib_a-dtoa.o)
                0x00005c70                _dtoa_r
 .text._malloc_trim_r
                0x00006adc       0xa0 c:/program files (x86)/gnu tools arm embedded/8 2018-q4-major/bin/../lib/gcc/arm-none-eabi/8.2.1/../../../../arm-none-eabi/lib/thumb/v7-m/nofp\libg.a(lib_a-freer.o)
                0x00006adc                _malloc_trim_r
 .text._free_r  0x00006b7c      0x1ec c:/program files (x86)/gnu tools arm embedded/8 2018-q4-major/bin/../lib/gcc/arm-none-eabi/8.2.1/../../../../arm-none-eabi/lib/thumb/v7-m/nofp\libg.a(lib_a-freer.o)
                0x00006b7c                _free_r
 .text._localeconv_r
                0x00006d68        0x8 c:/program files (x86)/gnu tools arm embedded/8 2018-q4-major/bin/../lib/gcc/arm-none-eabi/8.2.1/../../../../arm-none-eabi/lib/thumb/v7-m/nofp\libg.a(lib_a-localeconv.o)
                0x00006d68                _localeconv_r
 .text._malloc_r
                0x00006d70      0x558 c:/program files (x86)/gnu tools arm embedded/8 2018-q4-major/bin/../lib/gcc/arm-none-eabi/8.2.1/../../../../arm-none-eabi/lib/thumb/v7-m/nofp\libg.a(lib_a-mallocr.o)
                0x00006d70                _malloc_r
 .text.memchr   0x000072c8       0x8c c:/program files (x86)/gnu tools arm embedded/8 2018-q4-major/bin/../lib/gcc/arm-none-eabi/8.2.1/../../../../arm-none-eabi/lib/thumb/v7-m/nofp\libg.a(lib_a-memchr-stub.o)
                0x000072c8                memchr
 .text.memcmp   0x00007354       0x64 c:/program files (x86)/gnu tools arm embedded/8 2018-q4-major/bin/../lib/gcc/arm-none-eabi/8.2.1/../../../../arm-none-eabi/lib/thumb/v7-m/nofp\libg.a(lib_a-memcmp.o)
                0x00007354                memcmp
 .text.__malloc_lock
                0x000073b8        0xc c:/program files (x86)/gnu tools arm embedded/8 2018-q4-major/bin/../lib/gcc/arm-none-eabi/8.2.1/../../../../arm-none-eabi/lib/thumb/v7-m/nofp\libg.a(lib_a-mlock.o)
                0x000073b8                __malloc_lock
 .text.__malloc_unlock
                0x000073c4        0xc c:/program files (x86)/gnu tools arm embedded/8 2018-q4-major/bin/../lib/gcc/arm-none-eabi/8.2.1/../../../../arm-none-eabi/lib/thumb/v7-m/nofp\libg.a(lib_a-mlock.o)
                0x000073c4                __malloc_unlock
 .text._Balloc  0x000073d0       0x4c c:/program files (x86)/gnu tools arm embedded/8 2018-q4-major/bin/../lib/gcc/arm-none-eabi/8.2.1/../../../../arm-none-eabi/lib/thumb/v7-m/nofp\libg.a(lib_a-mprec.o)
                0x000073d0                _Balloc
 .text._Bfree   0x0000741c       0x14 c:/program files (x86)/gnu tools arm embedded/8 2018-q4-major/bin/../lib/gcc/arm-none-eabi/8.2.1/../../../../arm-none-eabi/lib/thumb/v7-m/nofp\libg.a(lib_a-mprec.o)
                0x0000741c                _Bfree
 .text.__multadd
                0x00007430       0x8c c:/program files (x86)/gnu tools arm embedded/8 2018-q4-major/bin/../lib/gcc/arm-none-eabi/8.2.1/../../../../arm-none-eabi/lib/thumb/v7-m/nofp\libg.a(lib_a-mprec.o)
                0x00007430                __multadd
 .text.__hi0bits
                0x000074bc       0x40 c:/program files (x86)/gnu tools arm embedded/8 2018-q4-major/bin/../lib/gcc/arm-none-eabi/8.2.1/../../../../arm-none-eabi/lib/thumb/v7-m/nofp\libg.a(lib_a-mprec.o)
                0x000074bc                __hi0bits
 .text.__lo0bits
                0x000074fc       0x60 c:/program files (x86)/gnu tools arm embedded/8 2018-q4-major/bin/../lib/gcc/arm-none-eabi/8.2.1/../../../../arm-none-eabi/lib/thumb/v7-m/nofp\libg.a(lib_a-mprec.o)
                0x000074fc                __lo0bits
 .text.__i2b    0x0000755c       0x14 c:/program files (x86)/gnu tools arm embedded/8 2018-q4-major/bin/../lib/gcc/arm-none-eabi/8.2.1/../../../../arm-none-eabi/lib/thumb/v7-m/nofp\libg.a(lib_a-mprec.o)
                0x0000755c                __i2b
 .text.__multiply
                0x00007570      0x130 c:/program files (x86)/gnu tools arm embedded/8 2018-q4-major/bin/../lib/gcc/arm-none-eabi/8.2.1/../../../../arm-none-eabi/lib/thumb/v7-m/nofp\libg.a(lib_a-mprec.o)
                0x00007570                __multiply
 .text.__pow5mult
                0x000076a0       0xa0 c:/program files (x86)/gnu tools arm embedded/8 2018-q4-major/bin/../lib/gcc/arm-none-eabi/8.2.1/../../../../arm-none-eabi/lib/thumb/v7-m/nofp\libg.a(lib_a-mprec.o)
                0x000076a0                __pow5mult
 .text.__lshift
                0x00007740       0xb4 c:/program files (x86)/gnu tools arm embedded/8 2018-q4-major/bin/../lib/gcc/arm-none-eabi/8.2.1/../../../../arm-none-eabi/lib/thumb/v7-m/nofp\libg.a(lib_a-mprec.o)
                0x00007740                __lshift
 .text.__mcmp   0x000077f4       0x38 c:/program files (x86)/gnu tools arm embedded/8 2018-q4-major/bin/../lib/gcc/arm-none-eabi/8.2.1/../../../../arm-none-eabi/lib/thumb/v7-m/nofp\libg.a(lib_a-mprec.o)
                0x000077f4                __mcmp
 .text.__mdiff  0x0000782c      0x100 c:/program files (x86)/gnu tools arm embedded/8 2018-q4-major/bin/../lib/gcc/arm-none-eabi/8.2.1/../../../../arm-none-eabi/lib/thumb/v7-m/nofp\libg.a(lib_a-mprec.o)
                0x0000782c                __mdiff
 .text.__d2b    0x0000792c       0xac c:/program files (x86)/gnu tools arm embedded/8 2018-q4-major/bin/../lib/gcc/arm-none-eabi/8.2.1/../../../../arm-none-eabi/lib/thumb/v7-m/nofp\libg.a(lib_a-mprec.o)
                0x0000792c                __d2b
 .text.frexp    0x000079d8       0x70 c:/program files (x86)/gnu tools arm embedded/8 2018-q4-major/bin/../lib/gcc/arm-none-eabi/8.2.1/../../../../arm-none-eabi/lib/thumb/v7-m/nofp\libg.a(lib_a-s_frexp.o)
                0x000079d8                frexp
 .text._sbrk_r  0x00007a48       0x24 c:/program files (x86)/gnu tools arm embedded/8 2018-q4-major/bin/../lib/gcc/arm-none-eabi/8.2.1/../../../../arm-none-eabi/lib/thumb/v7-m/nofp\libg.a(lib_a-sbrkr.o)
                0x00007a48                _sbrk_r
 .text.strnlen  0x00007a6c       0x40 c:/program files (x86)/gnu tools arm embedded/8 2018-q4-major/bin/../lib/gcc/arm-none-eabi/8.2.1/../../../../arm-none-eabi/lib/thumb/v7-m/nofp\libg.a(lib_a-strnlen.o)
                0x00007a6c                strnlen
 .text.__ssprint_r
                0x00007aac       0xf8 c:/program files (x86)/gnu tools arm embedded/8 2018-q4-major/bin/../lib/gcc/arm-none-eabi/8.2.1/../../../../arm-none-eabi/lib/thumb/v7-m/nofp\libg.a(lib_a-svfiprintf.o)
                0x00007aac                __ssprint_r
 .text._calloc_r
                0x00007ba4       0x60 c:/program files (x86)/gnu tools arm embedded/8 2018-q4-major/bin/../lib/gcc/arm-none-eabi/8.2.1/../../../../arm-none-eabi/lib/thumb/v7-m/nofp\libg.a(lib_a-callocr.o)
                0x00007ba4                _calloc_r
 .text.__retarget_lock_acquire_recursive
                0x00007c04        0x4 c:/program files (x86)/gnu tools arm embedded/8 2018-q4-major/bin/../lib/gcc/arm-none-eabi/8.2.1/../../../../arm-none-eabi/lib/thumb/v7-m/nofp\libg.a(lib_a-lock.o)
                0x00007c04                __retarget_lock_acquire_recursive
 .text.__retarget_lock_release_recursive
                0x00007c08        0x4 c:/program files (x86)/gnu tools arm embedded/8 2018-q4-major/bin/../lib/gcc/arm-none-eabi/8.2.1/../../../../arm-none-eabi/lib/thumb/v7-m/nofp\libg.a(lib_a-lock.o)
                0x00007c08                __retarget_lock_release_recursive
 .text.__ascii_mbtowc
                0x00007c0c       0x2c c:/program files (x86)/gnu tools arm embedded/8 2018-q4-major/bin/../lib/gcc/arm-none-eabi/8.2.1/../../../../arm-none-eabi/lib/thumb/v7-m/nofp\libg.a(lib_a-mbtowc_r.o)
                0x00007c0c                __ascii_mbtowc
 .text.memmove  0x00007c38       0xcc c:/program files (x86)/gnu tools arm embedded/8 2018-q4-major/bin/../lib/gcc/arm-none-eabi/8.2.1/../../../../arm-none-eabi/lib/thumb/v7-m/nofp\libg.a(lib_a-memmove.o)
                0x00007c38                memmove
 .text._realloc_r
                0x00007d04      0x37c c:/program files (x86)/gnu tools arm embedded/8 2018-q4-major/bin/../lib/gcc/arm-none-eabi/8.2.1/../../../../arm-none-eabi/lib/thumb/v7-m/nofp\libg.a(lib_a-reallocr.o)
                0x00007d04                _realloc_r
 .text.__ascii_wctomb
                0x00008080       0x1c c:/program files (x86)/gnu tools arm embedded/8 2018-q4-major/bin/../lib/gcc/arm-none-eabi/8.2.1/../../../../arm-none-eabi/lib/thumb/v7-m/nofp\libg.a(lib_a-wctomb_r.o)
                0x00008080                __ascii_wctomb
 .text          0x0000809c      0x424 c:/program files (x86)/gnu tools arm embedded/8 2018-q4-major/bin/../lib/gcc/arm-none-eabi/8.2.1/thumb/v7-m/nofp\libgcc.a(_arm_muldivdf3.o)
                0x0000809c                __aeabi_dmul
                0x0000809c                __muldf3
                0x000082f0                __divdf3
                0x000082f0                __aeabi_ddiv
 .text          0x000084c0       0x2c c:/program files (x86)/gnu tools arm embedded/8 2018-q4-major/bin/../lib/gcc/arm-none-eabi/8.2.1/thumb/v7-m/nofp\libgcc.a(_arm_unorddf2.o)
                0x000084c0                __unorddf2
                0x000084c0                __aeabi_dcmpun
 .text          0x000084ec       0x50 c:/program files (x86)/gnu tools arm embedded/8 2018-q4-major/bin/../lib/gcc/arm-none-eabi/8.2.1/thumb/v7-m/nofp\libgcc.a(_arm_fixdfsi.o)
                0x000084ec                __aeabi_d2iz
                0x000084ec                __fixdfsi
 *(.glue_7t)
 .glue_7t       0x0000853c        0x0 linker stubs
 *(.glue_7)
 .glue_7        0x0000853c        0x0 linker stubs
 *(.rodata .rodata* .gnu.linkonce.r.*)
 .rodata        0x0000853c      0x276 ..\obj\GSMTask.o
 *fill*         0x000087b2        0x2 
 .rodata        0x000087b4       0x3f ..\obj\lpc17xx_uart.o
 *fill*         0x000087f3        0x1 
 .rodata        0x000087f4       0x5e ..\obj\main.o
 *fill*         0x00008852        0x2 
 .rodata        0x00008854       0x7b ..\obj\Wifi.o
 *fill*         0x000088cf        0x1 
 .rodata._svfprintf_r.str1.4
                0x000088d0       0x42 c:/program files (x86)/gnu tools arm embedded/8 2018-q4-major/bin/../lib/gcc/arm-none-eabi/8.2.1/../../../../arm-none-eabi/lib/thumb/v7-m/nofp\libg.a(lib_a-svfprintf.o)
 *fill*         0x00008912        0x2 
 .rodata.blanks.7365
                0x00008914       0x10 c:/program files (x86)/gnu tools arm embedded/8 2018-q4-major/bin/../lib/gcc/arm-none-eabi/8.2.1/../../../../arm-none-eabi/lib/thumb/v7-m/nofp\libg.a(lib_a-svfprintf.o)
 .rodata.zeroes.7366
                0x00008924       0x10 c:/program files (x86)/gnu tools arm embedded/8 2018-q4-major/bin/../lib/gcc/arm-none-eabi/8.2.1/../../../../arm-none-eabi/lib/thumb/v7-m/nofp\libg.a(lib_a-svfprintf.o)
 .rodata._ctype_
                0x00008934      0x101 c:/program files (x86)/gnu tools arm embedded/8 2018-q4-major/bin/../lib/gcc/arm-none-eabi/8.2.1/../../../../arm-none-eabi/lib/thumb/v7-m/nofp\libg.a(lib_a-ctype_.o)
                0x00008934                _ctype_
 *fill*         0x00008a35        0x3 
 .rodata._dtoa_r.str1.4
                0x00008a38        0xd c:/program files (x86)/gnu tools arm embedded/8 2018-q4-major/bin/../lib/gcc/arm-none-eabi/8.2.1/../../../../arm-none-eabi/lib/thumb/v7-m/nofp\libg.a(lib_a-dtoa.o)
                                 0x12 (size before relaxing)
 *fill*         0x00008a45        0x3 
 .rodata.__mprec_bigtens
                0x00008a48       0x28 c:/program files (x86)/gnu tools arm embedded/8 2018-q4-major/bin/../lib/gcc/arm-none-eabi/8.2.1/../../../../arm-none-eabi/lib/thumb/v7-m/nofp\libg.a(lib_a-mprec.o)
                0x00008a48                __mprec_bigtens
 .rodata.__mprec_tens
                0x00008a70       0xc8 c:/program files (x86)/gnu tools arm embedded/8 2018-q4-major/bin/../lib/gcc/arm-none-eabi/8.2.1/../../../../arm-none-eabi/lib/thumb/v7-m/nofp\libg.a(lib_a-mprec.o)
                0x00008a70                __mprec_tens
 .rodata.p05.6135
                0x00008b38        0xc c:/program files (x86)/gnu tools arm embedded/8 2018-q4-major/bin/../lib/gcc/arm-none-eabi/8.2.1/../../../../arm-none-eabi/lib/thumb/v7-m/nofp\libg.a(lib_a-mprec.o)
 .rodata._setlocale_r.str1.4
                0x00008b44        0xa c:/program files (x86)/gnu tools arm embedded/8 2018-q4-major/bin/../lib/gcc/arm-none-eabi/8.2.1/../../../../arm-none-eabi/lib/thumb/v7-m/nofp\libg.a(lib_a-locale.o)
                                  0xd (size before relaxing)
 *fill*         0x00008b4e        0x2 
 .rodata.str1.4
                0x00008b50        0x4 c:/program files (x86)/gnu tools arm embedded/8 2018-q4-major/bin/../lib/gcc/arm-none-eabi/8.2.1/../../../../arm-none-eabi/lib/thumb/v7-m/nofp\libg.a(lib_a-locale.o)
                                  0x2 (size before relaxing)

.vfp11_veneer   0x00008b54        0x0
 .vfp11_veneer  0x00008b54        0x0 linker stubs

.v4_bx          0x00008b54        0x0
 .v4_bx         0x00008b54        0x0 linker stubs

.iplt           0x00008b54        0x0
 .iplt          0x00008b54        0x0 ..\obj\GSMTask.o

.ARM.extab
 *(.ARM.extab* .gnu.linkonce.armextab.*)
                0x00008b54                __exidx_start = .

.ARM.exidx      0x00008b54        0x8
 *(.ARM.exidx* .gnu.linkonce.armexidx.*)
 .ARM.exidx     0x00008b54        0x8 c:/program files (x86)/gnu tools arm embedded/8 2018-q4-major/bin/../lib/gcc/arm-none-eabi/8.2.1/thumb/v7-m/nofp\libgcc.a(_udivmoddi4.o)
                0x00008b5c                __exidx_end = .

.rel.dyn        0x00008b5c        0x0
 .rel.iplt      0x00008b5c        0x0 ..\obj\GSMTask.o
                0x00008b5c                . = ALIGN (0x4)
                0x00008b5c                _etext = .
                0x00008b5c                _sidata = .

.data           0x10000000      0x9bc load address 0x00008b5c
                0x10000000                _sdata = .
 *(.data .data.*)
 .data          0x10000000        0x4 ..\obj\system_LPC17xx.o
                0x10000000                SystemCoreClock
 .data          0x10000004        0xc ..\obj\UART.o
                0x10000004                UART0
                0x10000008                UART3
                0x1000000c                UART1
 .data._impure_ptr
                0x10000010        0x4 c:/program files (x86)/gnu tools arm embedded/8 2018-q4-major/bin/../lib/gcc/arm-none-eabi/8.2.1/../../../../arm-none-eabi/lib/thumb/v7-m/nofp\libg.a(lib_a-impure.o)
                0x10000010                _impure_ptr
 *fill*         0x10000014        0x4 
 .data.impure_data
                0x10000018      0x428 c:/program files (x86)/gnu tools arm embedded/8 2018-q4-major/bin/../lib/gcc/arm-none-eabi/8.2.1/../../../../arm-none-eabi/lib/thumb/v7-m/nofp\libg.a(lib_a-impure.o)
 .data.__malloc_av_
                0x10000440      0x408 c:/program files (x86)/gnu tools arm embedded/8 2018-q4-major/bin/../lib/gcc/arm-none-eabi/8.2.1/../../../../arm-none-eabi/lib/thumb/v7-m/nofp\libg.a(lib_a-mallocr.o)
                0x10000440                __malloc_av_
 .data.__malloc_sbrk_base
                0x10000848        0x4 c:/program files (x86)/gnu tools arm embedded/8 2018-q4-major/bin/../lib/gcc/arm-none-eabi/8.2.1/../../../../arm-none-eabi/lib/thumb/v7-m/nofp\libg.a(lib_a-mallocr.o)
                0x10000848                __malloc_sbrk_base
 .data.__malloc_trim_threshold
                0x1000084c        0x4 c:/program files (x86)/gnu tools arm embedded/8 2018-q4-major/bin/../lib/gcc/arm-none-eabi/8.2.1/../../../../arm-none-eabi/lib/thumb/v7-m/nofp\libg.a(lib_a-mallocr.o)
                0x1000084c                __malloc_trim_threshold
 .data.__global_locale
                0x10000850      0x16c c:/program files (x86)/gnu tools arm embedded/8 2018-q4-major/bin/../lib/gcc/arm-none-eabi/8.2.1/../../../../arm-none-eabi/lib/thumb/v7-m/nofp\libg.a(lib_a-locale.o)
                0x10000850                __global_locale
                0x100009bc                . = ALIGN (0x4)
                0x100009bc                _edata = .

.igot.plt       0x100009bc        0x0 load address 0x00009518
 .igot.plt      0x100009bc        0x0 ..\obj\GSMTask.o

.bss            0x100009bc      0x698 load address 0x00009518
                0x100009bc                _sbss = .
 *(.bss .bss.*)
 .bss           0x100009bc       0x20 ..\obj\lpc17xx_gpdma.o
 .bss           0x100009dc        0x4 ..\obj\syscalls.o
 .bss           0x100009e0        0x9 ..\obj\adc.o
                0x100009e0                ADC2Value
                0x100009e4                ADC0IntDone
 *fill*         0x100009e9        0x3 
 .bss.__malloc_current_mallinfo
                0x100009ec       0x28 c:/program files (x86)/gnu tools arm embedded/8 2018-q4-major/bin/../lib/gcc/arm-none-eabi/8.2.1/../../../../arm-none-eabi/lib/thumb/v7-m/nofp\libg.a(lib_a-mallocr.o)
                0x100009ec                __malloc_current_mallinfo
 .bss.__malloc_max_sbrked_mem
                0x10000a14        0x4 c:/program files (x86)/gnu tools arm embedded/8 2018-q4-major/bin/../lib/gcc/arm-none-eabi/8.2.1/../../../../arm-none-eabi/lib/thumb/v7-m/nofp\libg.a(lib_a-mallocr.o)
                0x10000a14                __malloc_max_sbrked_mem
 .bss.__malloc_max_total_mem
                0x10000a18        0x4 c:/program files (x86)/gnu tools arm embedded/8 2018-q4-major/bin/../lib/gcc/arm-none-eabi/8.2.1/../../../../arm-none-eabi/lib/thumb/v7-m/nofp\libg.a(lib_a-mallocr.o)
                0x10000a18                __malloc_max_total_mem
 .bss.__malloc_top_pad
                0x10000a1c        0x4 c:/program files (x86)/gnu tools arm embedded/8 2018-q4-major/bin/../lib/gcc/arm-none-eabi/8.2.1/../../../../arm-none-eabi/lib/thumb/v7-m/nofp\libg.a(lib_a-mallocr.o)
                0x10000a1c                __malloc_top_pad
 *(COMMON)
 COMMON         0x10000a20      0x22c ..\obj\GSMTask.o
                0x10000a20                RecBuffer
                0x10000b20                br
                0x10000b24                Number
                0x10000b44                bw
                0x10000b48                SendCmdBuffer
 COMMON         0x10000c4c        0xc ..\obj\lpc17xx_uart.o
                0x10000c4c                UART3Status
                0x10000c50                UART1Status
                0x10000c54                UART0Status
 COMMON         0x10000c58       0x96 ..\obj\Wifi.o
                0x10000c58                BufRecd
                0x10000cbc                Buffer1
 *fill*         0x10000cee        0x2 
 COMMON         0x10000cf0      0x33c ..\obj\UART.o
                0x10000cf0                Uart3BufRx
                0x10000df0                UART3CirBuf
                0x10000e04                Uart0BufRx
                0x10000f04                UART0CirBuf
                0x10000f18                Uart1BufRx
                0x10001018                UART1CirBuf
 COMMON         0x1000102c       0x21 c:/program files (x86)/gnu tools arm embedded/8 2018-q4-major/bin/../lib/gcc/arm-none-eabi/8.2.1/../../../../arm-none-eabi/lib/thumb/v7-m/nofp\libg.a(lib_a-lock.o)
                0x1000102c                __lock___atexit_recursive_mutex
                0x10001030                __lock___arc4random_mutex
                0x10001034                __lock___env_recursive_mutex
                0x10001038                __lock___sinit_recursive_mutex
                0x1000103c                __lock___malloc_recursive_mutex
                0x10001040                __lock___at_quick_exit_mutex
                0x10001044                __lock___dd_hash_mutex
                0x10001048                __lock___tz_mutex
                0x1000104c                __lock___sfp_recursive_mutex
 *fill*         0x1000104d        0x3 
 COMMON         0x10001050        0x4 c:/program files (x86)/gnu tools arm embedded/8 2018-q4-major/bin/../lib/gcc/arm-none-eabi/8.2.1/../../../../arm-none-eabi/lib/thumb/v7-m/nofp\libg.a(lib_a-reent.o)
                0x10001050                errno
                0x10001054                . = ALIGN (0x4)
                0x10001054                _ebss = .

.co_stack       0x10001054      0x404 load address 0x00009bb0
                0x10001058                . = ALIGN (0x8)
 *fill*         0x10001054        0x4 
 *(.co_stack .co_stack.*)
 .co_stack      0x10001058      0x400 ..\obj\startup_LPC17xx.o
                0x10001058                pulStack
                0x10001458                . = ALIGN (0x4)
                0x10001458                _end = .
LOAD ..\obj\GSMTask.o
LOAD ..\obj\lpc17xx_iap.o
LOAD ..\obj\i2c.o
LOAD ..\obj\lpc17xx_timer.o
LOAD ..\obj\core_cm3.o
LOAD ..\obj\buzzer.o
LOAD ..\obj\lpc17xx_clkpwr.o
LOAD ..\obj\system_LPC17xx.o
LOAD ..\obj\sdcard.o
LOAD ..\obj\lpc17xx_uart.o
LOAD ..\obj\lpc17xx_adc.o
LOAD ..\obj\lpc17xx_utils.o
LOAD ..\obj\lpc17xx_gpdma.o
LOAD ..\obj\main.o
LOAD ..\obj\utils.o
LOAD ..\obj\lpc17xx_gpio.o
LOAD ..\obj\lpc17xx_wdt.o
LOAD ..\obj\Keypad.o
LOAD ..\obj\lpc1768_spi.o
LOAD ..\obj\startup_LPC17xx.o
LOAD ..\obj\lpc17xx_ssp.o
LOAD ..\obj\lpc17xx_libcfg_default.o
LOAD ..\obj\lpc17xx_pinsel.o
LOAD ..\obj\lpc17xx_spi.o
LOAD ..\obj\syscalls.o
LOAD ..\obj\lpc17xx_i2c.o
LOAD ..\obj\Wifi.o
LOAD ..\obj\adc.o
LOAD ..\obj\lcd.o
LOAD ..\obj\UART.o
LOAD ..\obj\battery.o
LOAD ..\obj\circular_buf.o
START GROUP
LOAD c:/program files (x86)/gnu tools arm embedded/8 2018-q4-major/bin/../lib/gcc/arm-none-eabi/8.2.1/thumb/v7-m/nofp\libgcc.a
LOAD c:/program files (x86)/gnu tools arm embedded/8 2018-q4-major/bin/../lib/gcc/arm-none-eabi/8.2.1/../../../../arm-none-eabi/lib/thumb/v7-m/nofp\libg.a
LOAD c:/program files (x86)/gnu tools arm embedded/8 2018-q4-major/bin/../lib/gcc/arm-none-eabi/8.2.1/../../../../arm-none-eabi/lib/thumb/v7-m/nofp\libc.a
END GROUP
OUTPUT(bms_iot_kit.elf elf32-littlearm)

.debug_info     0x00000000     0xba9f
 .debug_info    0x00000000     0x107d ..\obj\GSMTask.o
 .debug_info    0x0000107d       0xe6 ..\obj\buzzer.o
 .debug_info    0x00001163      0x632 ..\obj\lpc17xx_clkpwr.o
 .debug_info    0x00001795      0x4ce ..\obj\system_LPC17xx.o
 .debug_info    0x00001c63     0x13a6 ..\obj\lpc17xx_uart.o
 .debug_info    0x00003009      0xf3d ..\obj\lpc17xx_gpdma.o
 .debug_info    0x00003f46      0xa29 ..\obj\main.o
 .debug_info    0x0000496f      0xc83 ..\obj\utils.o
 .debug_info    0x000055f2      0xe0b ..\obj\lpc17xx_gpio.o
 .debug_info    0x000063fd      0x375 ..\obj\lpc17xx_wdt.o
 .debug_info    0x00006772      0x113 ..\obj\Keypad.o
 .debug_info    0x00006885      0x11b ..\obj\startup_LPC17xx.o
 .debug_info    0x000069a0       0xde ..\obj\lpc17xx_libcfg_default.o
 .debug_info    0x00006a7e      0x4ab ..\obj\lpc17xx_pinsel.o
 .debug_info    0x00006f29      0xd60 ..\obj\syscalls.o
 .debug_info    0x00007c89      0xba1 ..\obj\Wifi.o
 .debug_info    0x0000882a      0x6c2 ..\obj\adc.o
 .debug_info    0x00008eec      0xfd8 ..\obj\lcd.o
 .debug_info    0x00009ec4     0x189c ..\obj\UART.o
 .debug_info    0x0000b760      0x33f ..\obj\circular_buf.o

.debug_abbrev   0x00000000     0x269c
 .debug_abbrev  0x00000000      0x3ea ..\obj\GSMTask.o
 .debug_abbrev  0x000003ea       0x80 ..\obj\buzzer.o
 .debug_abbrev  0x0000046a      0x1e5 ..\obj\lpc17xx_clkpwr.o
 .debug_abbrev  0x0000064f      0x10a ..\obj\system_LPC17xx.o
 .debug_abbrev  0x00000759      0x2a4 ..\obj\lpc17xx_uart.o
 .debug_abbrev  0x000009fd      0x275 ..\obj\lpc17xx_gpdma.o
 .debug_abbrev  0x00000c72      0x266 ..\obj\main.o
 .debug_abbrev  0x00000ed8      0x280 ..\obj\utils.o
 .debug_abbrev  0x00001158      0x26b ..\obj\lpc17xx_gpio.o
 .debug_abbrev  0x000013c3      0x1af ..\obj\lpc17xx_wdt.o
 .debug_abbrev  0x00001572       0x8f ..\obj\Keypad.o
 .debug_abbrev  0x00001601       0xc4 ..\obj\startup_LPC17xx.o
 .debug_abbrev  0x000016c5       0x6f ..\obj\lpc17xx_libcfg_default.o
 .debug_abbrev  0x00001734      0x16b ..\obj\lpc17xx_pinsel.o
 .debug_abbrev  0x0000189f      0x23f ..\obj\syscalls.o
 .debug_abbrev  0x00001ade      0x265 ..\obj\Wifi.o
 .debug_abbrev  0x00001d43      0x1bc ..\obj\adc.o
 .debug_abbrev  0x00001eff      0x302 ..\obj\lcd.o
 .debug_abbrev  0x00002201      0x38c ..\obj\UART.o
 .debug_abbrev  0x0000258d      0x10f ..\obj\circular_buf.o

.debug_aranges  0x00000000      0x8a0
 .debug_aranges
                0x00000000       0xf0 ..\obj\GSMTask.o
 .debug_aranges
                0x000000f0       0x30 ..\obj\buzzer.o
 .debug_aranges
                0x00000120       0x60 ..\obj\lpc17xx_clkpwr.o
 .debug_aranges
                0x00000180       0x28 ..\obj\system_LPC17xx.o
 .debug_aranges
                0x000001a8      0x118 ..\obj\lpc17xx_uart.o
 .debug_aranges
                0x000002c0       0x48 ..\obj\lpc17xx_gpdma.o
 .debug_aranges
                0x00000308       0x20 ..\obj\main.o
 .debug_aranges
                0x00000328       0x60 ..\obj\utils.o
 .debug_aranges
                0x00000388       0xf8 ..\obj\lpc17xx_gpio.o
 .debug_aranges
                0x00000480       0x68 ..\obj\lpc17xx_wdt.o
 .debug_aranges
                0x000004e8       0x38 ..\obj\Keypad.o
 .debug_aranges
                0x00000520       0x28 ..\obj\startup_LPC17xx.o
 .debug_aranges
                0x00000548       0x20 ..\obj\lpc17xx_libcfg_default.o
 .debug_aranges
                0x00000568       0x48 ..\obj\lpc17xx_pinsel.o
 .debug_aranges
                0x000005b0       0x60 ..\obj\syscalls.o
 .debug_aranges
                0x00000610       0x50 ..\obj\Wifi.o
 .debug_aranges
                0x00000660       0x38 ..\obj\adc.o
 .debug_aranges
                0x00000698       0xd0 ..\obj\lcd.o
 .debug_aranges
                0x00000768       0xe8 ..\obj\UART.o
 .debug_aranges
                0x00000850       0x50 ..\obj\circular_buf.o

.debug_ranges   0x00000000      0x760
 .debug_ranges  0x00000000       0xe0 ..\obj\GSMTask.o
 .debug_ranges  0x000000e0       0x20 ..\obj\buzzer.o
 .debug_ranges  0x00000100       0x50 ..\obj\lpc17xx_clkpwr.o
 .debug_ranges  0x00000150       0x18 ..\obj\system_LPC17xx.o
 .debug_ranges  0x00000168      0x108 ..\obj\lpc17xx_uart.o
 .debug_ranges  0x00000270       0x38 ..\obj\lpc17xx_gpdma.o
 .debug_ranges  0x000002a8       0x10 ..\obj\main.o
 .debug_ranges  0x000002b8       0x50 ..\obj\utils.o
 .debug_ranges  0x00000308       0xe8 ..\obj\lpc17xx_gpio.o
 .debug_ranges  0x000003f0       0x58 ..\obj\lpc17xx_wdt.o
 .debug_ranges  0x00000448       0x28 ..\obj\Keypad.o
 .debug_ranges  0x00000470       0x18 ..\obj\startup_LPC17xx.o
 .debug_ranges  0x00000488       0x10 ..\obj\lpc17xx_libcfg_default.o
 .debug_ranges  0x00000498       0x38 ..\obj\lpc17xx_pinsel.o
 .debug_ranges  0x000004d0       0x50 ..\obj\syscalls.o
 .debug_ranges  0x00000520       0x40 ..\obj\Wifi.o
 .debug_ranges  0x00000560       0x28 ..\obj\adc.o
 .debug_ranges  0x00000588       0xc0 ..\obj\lcd.o
 .debug_ranges  0x00000648       0xd8 ..\obj\UART.o
 .debug_ranges  0x00000720       0x40 ..\obj\circular_buf.o

.debug_line     0x00000000     0x5ae5
 .debug_line    0x00000000      0x9b2 ..\obj\GSMTask.o
 .debug_line    0x000009b2      0x1d2 ..\obj\buzzer.o
 .debug_line    0x00000b84      0x38a ..\obj\lpc17xx_clkpwr.o
 .debug_line    0x00000f0e      0x393 ..\obj\system_LPC17xx.o
 .debug_line    0x000012a1      0xec7 ..\obj\lpc17xx_uart.o
 .debug_line    0x00002168      0x549 ..\obj\lpc17xx_gpdma.o
 .debug_line    0x000026b1      0x34d ..\obj\main.o
 .debug_line    0x000029fe      0x475 ..\obj\utils.o
 .debug_line    0x00002e73      0x6e4 ..\obj\lpc17xx_gpio.o
 .debug_line    0x00003557      0x433 ..\obj\lpc17xx_wdt.o
 .debug_line    0x0000398a      0x23c ..\obj\Keypad.o
 .debug_line    0x00003bc6       0xb1 ..\obj\startup_LPC17xx.o
 .debug_line    0x00003c77      0x156 ..\obj\lpc17xx_libcfg_default.o
 .debug_line    0x00003dcd      0x34b ..\obj\lpc17xx_pinsel.o
 .debug_line    0x00004118      0x30d ..\obj\syscalls.o
 .debug_line    0x00004425      0x510 ..\obj\Wifi.o
 .debug_line    0x00004935      0x2d8 ..\obj\adc.o
 .debug_line    0x00004c0d      0x5bd ..\obj\lcd.o
 .debug_line    0x000051ca      0x68b ..\obj\UART.o
 .debug_line    0x00005855      0x290 ..\obj\circular_buf.o

.debug_str      0x00000000     0x2e4b
 .debug_str     0x00000000      0x800 ..\obj\GSMTask.o
                                0x8ab (size before relaxing)
 .debug_str     0x00000800       0x4b ..\obj\buzzer.o
                                0x1d1 (size before relaxing)
 .debug_str     0x0000084b      0x2be ..\obj\lpc17xx_clkpwr.o
                                0x446 (size before relaxing)
 .debug_str     0x00000b09       0x5a ..\obj\system_LPC17xx.o
                                0x37f (size before relaxing)
 .debug_str     0x00000b63      0xa35 ..\obj\lpc17xx_uart.o
                                0xca6 (size before relaxing)
 .debug_str     0x00001598      0x4a4 ..\obj\lpc17xx_gpdma.o
                                0x83e (size before relaxing)
 .debug_str     0x00001a3c       0x4b ..\obj\main.o
                                0x5fc (size before relaxing)
 .debug_str     0x00001a87       0x94 ..\obj\utils.o
                                0x60a (size before relaxing)
 .debug_str     0x00001b1b      0x44d ..\obj\lpc17xx_gpio.o
                                0x626 (size before relaxing)
 .debug_str     0x00001f68      0x19c ..\obj\lpc17xx_wdt.o
                                0x37d (size before relaxing)
 .debug_str     0x00002104       0x65 ..\obj\Keypad.o
                                0x1eb (size before relaxing)
 .debug_str     0x00002169       0xb5 ..\obj\startup_LPC17xx.o
                                0x19a (size before relaxing)
 .debug_str     0x0000221e       0x56 ..\obj\lpc17xx_libcfg_default.o
                                0x1d5 (size before relaxing)
 .debug_str     0x00002274      0x26b ..\obj\lpc17xx_pinsel.o
                                0x42f (size before relaxing)
 .debug_str     0x000024df      0x189 ..\obj\syscalls.o
                                0x725 (size before relaxing)
 .debug_str     0x00002668       0xcd ..\obj\Wifi.o
                                0x641 (size before relaxing)
 .debug_str     0x00002735       0xbd ..\obj\adc.o
                                0x517 (size before relaxing)
 .debug_str     0x000027f2      0x195 ..\obj\lcd.o
                                0x88b (size before relaxing)
 .debug_str     0x00002987      0x40b ..\obj\UART.o
                                0xd21 (size before relaxing)
 .debug_str     0x00002d92       0xb9 ..\obj\circular_buf.o
                                0x228 (size before relaxing)

.comment        0x00000000       0x75
 .comment       0x00000000       0x75 ..\obj\GSMTask.o
                                 0x76 (size before relaxing)
 .comment       0x00000075       0x76 ..\obj\buzzer.o
 .comment       0x00000075       0x76 ..\obj\lpc17xx_clkpwr.o
 .comment       0x00000075       0x76 ..\obj\system_LPC17xx.o
 .comment       0x00000075       0x76 ..\obj\lpc17xx_uart.o
 .comment       0x00000075       0x76 ..\obj\lpc17xx_gpdma.o
 .comment       0x00000075       0x76 ..\obj\main.o
 .comment       0x00000075       0x76 ..\obj\utils.o
 .comment       0x00000075       0x76 ..\obj\lpc17xx_gpio.o
 .comment       0x00000075       0x76 ..\obj\lpc17xx_wdt.o
 .comment       0x00000075       0x76 ..\obj\Keypad.o
 .comment       0x00000075       0x76 ..\obj\startup_LPC17xx.o
 .comment       0x00000075       0x76 ..\obj\lpc17xx_libcfg_default.o
 .comment       0x00000075       0x76 ..\obj\lpc17xx_pinsel.o
 .comment       0x00000075       0x76 ..\obj\syscalls.o
 .comment       0x00000075       0x76 ..\obj\Wifi.o
 .comment       0x00000075       0x76 ..\obj\adc.o
 .comment       0x00000075       0x76 ..\obj\lcd.o
 .comment       0x00000075       0x76 ..\obj\UART.o
 .comment       0x00000075       0x76 ..\obj\circular_buf.o

.ARM.attributes
                0x00000000       0x2b
 .ARM.attributes
                0x00000000       0x2d ..\obj\GSMTask.o
 .ARM.attributes
                0x0000002d       0x2d ..\obj\buzzer.o
 .ARM.attributes
                0x0000005a       0x2d ..\obj\lpc17xx_clkpwr.o
 .ARM.attributes
                0x00000087       0x2d ..\obj\system_LPC17xx.o
 .ARM.attributes
                0x000000b4       0x2d ..\obj\lpc17xx_uart.o
 .ARM.attributes
                0x000000e1       0x2d ..\obj\lpc17xx_gpdma.o
 .ARM.attributes
                0x0000010e       0x2d ..\obj\main.o
 .ARM.attributes
                0x0000013b       0x2d ..\obj\utils.o
 .ARM.attributes
                0x00000168       0x2d ..\obj\lpc17xx_gpio.o
 .ARM.attributes
                0x00000195       0x2d ..\obj\lpc17xx_wdt.o
 .ARM.attributes
                0x000001c2       0x2d ..\obj\Keypad.o
 .ARM.attributes
                0x000001ef       0x2d ..\obj\startup_LPC17xx.o
 .ARM.attributes
                0x0000021c       0x2d ..\obj\lpc17xx_libcfg_default.o
 .ARM.attributes
                0x00000249       0x2d ..\obj\lpc17xx_pinsel.o
 .ARM.attributes
                0x00000276       0x2d ..\obj\syscalls.o
 .ARM.attributes
                0x000002a3       0x2d ..\obj\Wifi.o
 .ARM.attributes
                0x000002d0       0x2d ..\obj\adc.o
 .ARM.attributes
                0x000002fd       0x2d ..\obj\lcd.o
 .ARM.attributes
                0x0000032a       0x2d ..\obj\UART.o
 .ARM.attributes
                0x00000357       0x2d ..\obj\circular_buf.o
 .ARM.attributes
                0x00000384       0x1d c:/program files (x86)/gnu tools arm embedded/8 2018-q4-major/bin/../lib/gcc/arm-none-eabi/8.2.1/thumb/v7-m/nofp\libgcc.a(_arm_addsubdf3.o)
 .ARM.attributes
                0x000003a1       0x1d c:/program files (x86)/gnu tools arm embedded/8 2018-q4-major/bin/../lib/gcc/arm-none-eabi/8.2.1/thumb/v7-m/nofp\libgcc.a(_arm_cmpdf2.o)
 .ARM.attributes
                0x000003be       0x1d c:/program files (x86)/gnu tools arm embedded/8 2018-q4-major/bin/../lib/gcc/arm-none-eabi/8.2.1/thumb/v7-m/nofp\libgcc.a(_aeabi_uldivmod.o)
 .ARM.attributes
                0x000003db       0x2d c:/program files (x86)/gnu tools arm embedded/8 2018-q4-major/bin/../lib/gcc/arm-none-eabi/8.2.1/thumb/v7-m/nofp\libgcc.a(_udivmoddi4.o)
 .ARM.attributes
                0x00000408       0x1d c:/program files (x86)/gnu tools arm embedded/8 2018-q4-major/bin/../lib/gcc/arm-none-eabi/8.2.1/thumb/v7-m/nofp\libgcc.a(_dvmd_tls.o)
 .ARM.attributes
                0x00000425       0x2d c:/program files (x86)/gnu tools arm embedded/8 2018-q4-major/bin/../lib/gcc/arm-none-eabi/8.2.1/../../../../arm-none-eabi/lib/thumb/v7-m/nofp\libg.a(lib_a-atoi.o)
 .ARM.attributes
                0x00000452       0x1b c:/program files (x86)/gnu tools arm embedded/8 2018-q4-major/bin/../lib/gcc/arm-none-eabi/8.2.1/../../../../arm-none-eabi/lib/thumb/v7-m/nofp\libg.a(lib_a-memcpy.o)
 .ARM.attributes
                0x0000046d       0x2d c:/program files (x86)/gnu tools arm embedded/8 2018-q4-major/bin/../lib/gcc/arm-none-eabi/8.2.1/../../../../arm-none-eabi/lib/thumb/v7-m/nofp\libg.a(lib_a-memset.o)
 .ARM.attributes
                0x0000049a       0x2d c:/program files (x86)/gnu tools arm embedded/8 2018-q4-major/bin/../lib/gcc/arm-none-eabi/8.2.1/../../../../arm-none-eabi/lib/thumb/v7-m/nofp\libg.a(lib_a-sprintf.o)
 .ARM.attributes
                0x000004c7       0x2d c:/program files (x86)/gnu tools arm embedded/8 2018-q4-major/bin/../lib/gcc/arm-none-eabi/8.2.1/../../../../arm-none-eabi/lib/thumb/v7-m/nofp\libg.a(lib_a-strcat.o)
 .ARM.attributes
                0x000004f4       0x2d c:/program files (x86)/gnu tools arm embedded/8 2018-q4-major/bin/../lib/gcc/arm-none-eabi/8.2.1/../../../../arm-none-eabi/lib/thumb/v7-m/nofp\libg.a(lib_a-strchr.o)
 .ARM.attributes
                0x00000521       0x2d c:/program files (x86)/gnu tools arm embedded/8 2018-q4-major/bin/../lib/gcc/arm-none-eabi/8.2.1/../../../../arm-none-eabi/lib/thumb/v7-m/nofp\libg.a(lib_a-strcpy.o)
 .ARM.attributes
                0x0000054e       0x2d c:/program files (x86)/gnu tools arm embedded/8 2018-q4-major/bin/../lib/gcc/arm-none-eabi/8.2.1/../../../../arm-none-eabi/lib/thumb/v7-m/nofp\libg.a(lib_a-strlen-stub.o)
 .ARM.attributes
                0x0000057b       0x2d c:/program files (x86)/gnu tools arm embedded/8 2018-q4-major/bin/../lib/gcc/arm-none-eabi/8.2.1/../../../../arm-none-eabi/lib/thumb/v7-m/nofp\libg.a(lib_a-strncpy.o)
 .ARM.attributes
                0x000005a8       0x2d c:/program files (x86)/gnu tools arm embedded/8 2018-q4-major/bin/../lib/gcc/arm-none-eabi/8.2.1/../../../../arm-none-eabi/lib/thumb/v7-m/nofp\libg.a(lib_a-strstr.o)
 .ARM.attributes
                0x000005d5       0x2d c:/program files (x86)/gnu tools arm embedded/8 2018-q4-major/bin/../lib/gcc/arm-none-eabi/8.2.1/../../../../arm-none-eabi/lib/thumb/v7-m/nofp\libg.a(lib_a-strtol.o)
 .ARM.attributes
                0x00000602       0x2d c:/program files (x86)/gnu tools arm embedded/8 2018-q4-major/bin/../lib/gcc/arm-none-eabi/8.2.1/../../../../arm-none-eabi/lib/thumb/v7-m/nofp\libg.a(lib_a-svfprintf.o)
 .ARM.attributes
                0x0000062f       0x2d c:/program files (x86)/gnu tools arm embedded/8 2018-q4-major/bin/../lib/gcc/arm-none-eabi/8.2.1/../../../../arm-none-eabi/lib/thumb/v7-m/nofp\libg.a(lib_a-ctype_.o)
 .ARM.attributes
                0x0000065c       0x2d c:/program files (x86)/gnu tools arm embedded/8 2018-q4-major/bin/../lib/gcc/arm-none-eabi/8.2.1/../../../../arm-none-eabi/lib/thumb/v7-m/nofp\libg.a(lib_a-dtoa.o)
 .ARM.attributes
                0x00000689       0x2d c:/program files (x86)/gnu tools arm embedded/8 2018-q4-major/bin/../lib/gcc/arm-none-eabi/8.2.1/../../../../arm-none-eabi/lib/thumb/v7-m/nofp\libg.a(lib_a-freer.o)
 .ARM.attributes
                0x000006b6       0x2d c:/program files (x86)/gnu tools arm embedded/8 2018-q4-major/bin/../lib/gcc/arm-none-eabi/8.2.1/../../../../arm-none-eabi/lib/thumb/v7-m/nofp\libg.a(lib_a-impure.o)
 .ARM.attributes
                0x000006e3       0x2d c:/program files (x86)/gnu tools arm embedded/8 2018-q4-major/bin/../lib/gcc/arm-none-eabi/8.2.1/../../../../arm-none-eabi/lib/thumb/v7-m/nofp\libg.a(lib_a-localeconv.o)
 .ARM.attributes
                0x00000710       0x2d c:/program files (x86)/gnu tools arm embedded/8 2018-q4-major/bin/../lib/gcc/arm-none-eabi/8.2.1/../../../../arm-none-eabi/lib/thumb/v7-m/nofp\libg.a(lib_a-mallocr.o)
 .ARM.attributes
                0x0000073d       0x2d c:/program files (x86)/gnu tools arm embedded/8 2018-q4-major/bin/../lib/gcc/arm-none-eabi/8.2.1/../../../../arm-none-eabi/lib/thumb/v7-m/nofp\libg.a(lib_a-memchr-stub.o)
 .ARM.attributes
                0x0000076a       0x2d c:/program files (x86)/gnu tools arm embedded/8 2018-q4-major/bin/../lib/gcc/arm-none-eabi/8.2.1/../../../../arm-none-eabi/lib/thumb/v7-m/nofp\libg.a(lib_a-memcmp.o)
 .ARM.attributes
                0x00000797       0x2d c:/program files (x86)/gnu tools arm embedded/8 2018-q4-major/bin/../lib/gcc/arm-none-eabi/8.2.1/../../../../arm-none-eabi/lib/thumb/v7-m/nofp\libg.a(lib_a-mlock.o)
 .ARM.attributes
                0x000007c4       0x2d c:/program files (x86)/gnu tools arm embedded/8 2018-q4-major/bin/../lib/gcc/arm-none-eabi/8.2.1/../../../../arm-none-eabi/lib/thumb/v7-m/nofp\libg.a(lib_a-mprec.o)
 .ARM.attributes
                0x000007f1       0x2d c:/program files (x86)/gnu tools arm embedded/8 2018-q4-major/bin/../lib/gcc/arm-none-eabi/8.2.1/../../../../arm-none-eabi/lib/thumb/v7-m/nofp\libg.a(lib_a-s_frexp.o)
 .ARM.attributes
                0x0000081e       0x2d c:/program files (x86)/gnu tools arm embedded/8 2018-q4-major/bin/../lib/gcc/arm-none-eabi/8.2.1/../../../../arm-none-eabi/lib/thumb/v7-m/nofp\libg.a(lib_a-sbrkr.o)
 .ARM.attributes
                0x0000084b       0x2d c:/program files (x86)/gnu tools arm embedded/8 2018-q4-major/bin/../lib/gcc/arm-none-eabi/8.2.1/../../../../arm-none-eabi/lib/thumb/v7-m/nofp\libg.a(lib_a-strnlen.o)
 .ARM.attributes
                0x00000878       0x2d c:/program files (x86)/gnu tools arm embedded/8 2018-q4-major/bin/../lib/gcc/arm-none-eabi/8.2.1/../../../../arm-none-eabi/lib/thumb/v7-m/nofp\libg.a(lib_a-svfiprintf.o)
 .ARM.attributes
                0x000008a5       0x2d c:/program files (x86)/gnu tools arm embedded/8 2018-q4-major/bin/../lib/gcc/arm-none-eabi/8.2.1/../../../../arm-none-eabi/lib/thumb/v7-m/nofp\libg.a(lib_a-callocr.o)
 .ARM.attributes
                0x000008d2       0x2d c:/program files (x86)/gnu tools arm embedded/8 2018-q4-major/bin/../lib/gcc/arm-none-eabi/8.2.1/../../../../arm-none-eabi/lib/thumb/v7-m/nofp\libg.a(lib_a-locale.o)
 .ARM.attributes
                0x000008ff       0x2d c:/program files (x86)/gnu tools arm embedded/8 2018-q4-major/bin/../lib/gcc/arm-none-eabi/8.2.1/../../../../arm-none-eabi/lib/thumb/v7-m/nofp\libg.a(lib_a-lock.o)
 .ARM.attributes
                0x0000092c       0x2d c:/program files (x86)/gnu tools arm embedded/8 2018-q4-major/bin/../lib/gcc/arm-none-eabi/8.2.1/../../../../arm-none-eabi/lib/thumb/v7-m/nofp\libg.a(lib_a-mbtowc_r.o)
 .ARM.attributes
                0x00000959       0x2d c:/program files (x86)/gnu tools arm embedded/8 2018-q4-major/bin/../lib/gcc/arm-none-eabi/8.2.1/../../../../arm-none-eabi/lib/thumb/v7-m/nofp\libg.a(lib_a-memmove.o)
 .ARM.attributes
                0x00000986       0x2d c:/program files (x86)/gnu tools arm embedded/8 2018-q4-major/bin/../lib/gcc/arm-none-eabi/8.2.1/../../../../arm-none-eabi/lib/thumb/v7-m/nofp\libg.a(lib_a-reallocr.o)
 .ARM.attributes
                0x000009b3       0x2d c:/program files (x86)/gnu tools arm embedded/8 2018-q4-major/bin/../lib/gcc/arm-none-eabi/8.2.1/../../../../arm-none-eabi/lib/thumb/v7-m/nofp\libg.a(lib_a-reent.o)
 .ARM.attributes
                0x000009e0       0x2d c:/program files (x86)/gnu tools arm embedded/8 2018-q4-major/bin/../lib/gcc/arm-none-eabi/8.2.1/../../../../arm-none-eabi/lib/thumb/v7-m/nofp\libg.a(lib_a-wctomb_r.o)
 .ARM.attributes
                0x00000a0d       0x1d c:/program files (x86)/gnu tools arm embedded/8 2018-q4-major/bin/../lib/gcc/arm-none-eabi/8.2.1/thumb/v7-m/nofp\libgcc.a(_arm_muldivdf3.o)
 .ARM.attributes
                0x00000a2a       0x1d c:/program files (x86)/gnu tools arm embedded/8 2018-q4-major/bin/../lib/gcc/arm-none-eabi/8.2.1/thumb/v7-m/nofp\libgcc.a(_arm_unorddf2.o)
 .ARM.attributes
                0x00000a47       0x1d c:/program files (x86)/gnu tools arm embedded/8 2018-q4-major/bin/../lib/gcc/arm-none-eabi/8.2.1/thumb/v7-m/nofp\libgcc.a(_arm_fixdfsi.o)

.debug_frame    0x00000000     0x2cc8
 .debug_frame   0x00000000      0x3c8 ..\obj\GSMTask.o
 .debug_frame   0x000003c8       0x64 ..\obj\buzzer.o
 .debug_frame   0x0000042c      0x13c ..\obj\lpc17xx_clkpwr.o
 .debug_frame   0x00000568       0x50 ..\obj\system_LPC17xx.o
 .debug_frame   0x000005b8      0x4b0 ..\obj\lpc17xx_uart.o
 .debug_frame   0x00000a68       0xec ..\obj\lpc17xx_gpdma.o
 .debug_frame   0x00000b54       0x30 ..\obj\main.o
 .debug_frame   0x00000b84      0x174 ..\obj\utils.o
 .debug_frame   0x00000cf8      0x428 ..\obj\lpc17xx_gpio.o
 .debug_frame   0x00001120      0x160 ..\obj\lpc17xx_wdt.o
 .debug_frame   0x00001280       0x80 ..\obj\Keypad.o
 .debug_frame   0x00001300       0x4c ..\obj\startup_LPC17xx.o
 .debug_frame   0x0000134c       0x2c ..\obj\lpc17xx_libcfg_default.o
 .debug_frame   0x00001378       0xfc ..\obj\lpc17xx_pinsel.o
 .debug_frame   0x00001474      0x168 ..\obj\syscalls.o
 .debug_frame   0x000015dc      0x118 ..\obj\Wifi.o
 .debug_frame   0x000016f4       0x9c ..\obj\adc.o
 .debug_frame   0x00001790      0x2f4 ..\obj\lcd.o
 .debug_frame   0x00001a84      0x3a0 ..\obj\UART.o
 .debug_frame   0x00001e24      0x118 ..\obj\circular_buf.o
 .debug_frame   0x00001f3c       0xac c:/program files (x86)/gnu tools arm embedded/8 2018-q4-major/bin/../lib/gcc/arm-none-eabi/8.2.1/thumb/v7-m/nofp\libgcc.a(_arm_addsubdf3.o)
 .debug_frame   0x00001fe8       0xc4 c:/program files (x86)/gnu tools arm embedded/8 2018-q4-major/bin/../lib/gcc/arm-none-eabi/8.2.1/thumb/v7-m/nofp\libgcc.a(_arm_cmpdf2.o)
 .debug_frame   0x000020ac       0x2c c:/program files (x86)/gnu tools arm embedded/8 2018-q4-major/bin/../lib/gcc/arm-none-eabi/8.2.1/thumb/v7-m/nofp\libgcc.a(_aeabi_uldivmod.o)
 .debug_frame   0x000020d8       0x34 c:/program files (x86)/gnu tools arm embedded/8 2018-q4-major/bin/../lib/gcc/arm-none-eabi/8.2.1/thumb/v7-m/nofp\libgcc.a(_udivmoddi4.o)
 .debug_frame   0x0000210c       0x30 c:/program files (x86)/gnu tools arm embedded/8 2018-q4-major/bin/../lib/gcc/arm-none-eabi/8.2.1/../../../../arm-none-eabi/lib/thumb/v7-m/nofp\libg.a(lib_a-atoi.o)
 .debug_frame   0x0000213c       0x38 c:/program files (x86)/gnu tools arm embedded/8 2018-q4-major/bin/../lib/gcc/arm-none-eabi/8.2.1/../../../../arm-none-eabi/lib/thumb/v7-m/nofp\libg.a(lib_a-memset.o)
 .debug_frame   0x00002174       0x80 c:/program files (x86)/gnu tools arm embedded/8 2018-q4-major/bin/../lib/gcc/arm-none-eabi/8.2.1/../../../../arm-none-eabi/lib/thumb/v7-m/nofp\libg.a(lib_a-sprintf.o)
 .debug_frame   0x000021f4       0x28 c:/program files (x86)/gnu tools arm embedded/8 2018-q4-major/bin/../lib/gcc/arm-none-eabi/8.2.1/../../../../arm-none-eabi/lib/thumb/v7-m/nofp\libg.a(lib_a-strcat.o)
 .debug_frame   0x0000221c       0x30 c:/program files (x86)/gnu tools arm embedded/8 2018-q4-major/bin/../lib/gcc/arm-none-eabi/8.2.1/../../../../arm-none-eabi/lib/thumb/v7-m/nofp\libg.a(lib_a-strchr.o)
 .debug_frame   0x0000224c       0x20 c:/program files (x86)/gnu tools arm embedded/8 2018-q4-major/bin/../lib/gcc/arm-none-eabi/8.2.1/../../../../arm-none-eabi/lib/thumb/v7-m/nofp\libg.a(lib_a-strcpy.o)
 .debug_frame   0x0000226c       0x20 c:/program files (x86)/gnu tools arm embedded/8 2018-q4-major/bin/../lib/gcc/arm-none-eabi/8.2.1/../../../../arm-none-eabi/lib/thumb/v7-m/nofp\libg.a(lib_a-strlen-stub.o)
 .debug_frame   0x0000228c       0x38 c:/program files (x86)/gnu tools arm embedded/8 2018-q4-major/bin/../lib/gcc/arm-none-eabi/8.2.1/../../../../arm-none-eabi/lib/thumb/v7-m/nofp\libg.a(lib_a-strncpy.o)
 .debug_frame   0x000022c4       0x80 c:/program files (x86)/gnu tools arm embedded/8 2018-q4-major/bin/../lib/gcc/arm-none-eabi/8.2.1/../../../../arm-none-eabi/lib/thumb/v7-m/nofp\libg.a(lib_a-strstr.o)
 .debug_frame   0x00002344       0x80 c:/program files (x86)/gnu tools arm embedded/8 2018-q4-major/bin/../lib/gcc/arm-none-eabi/8.2.1/../../../../arm-none-eabi/lib/thumb/v7-m/nofp\libg.a(lib_a-strtol.o)
 .debug_frame   0x000023c4       0x40 c:/program files (x86)/gnu tools arm embedded/8 2018-q4-major/bin/../lib/gcc/arm-none-eabi/8.2.1/../../../../arm-none-eabi/lib/thumb/v7-m/nofp\libg.a(lib_a-svfprintf.o)
 .debug_frame   0x00002404       0x8c c:/program files (x86)/gnu tools arm embedded/8 2018-q4-major/bin/../lib/gcc/arm-none-eabi/8.2.1/../../../../arm-none-eabi/lib/thumb/v7-m/nofp\libg.a(lib_a-dtoa.o)
 .debug_frame   0x00002490       0x80 c:/program files (x86)/gnu tools arm embedded/8 2018-q4-major/bin/../lib/gcc/arm-none-eabi/8.2.1/../../../../arm-none-eabi/lib/thumb/v7-m/nofp\libg.a(lib_a-freer.o)
 .debug_frame   0x00002510       0x40 c:/program files (x86)/gnu tools arm embedded/8 2018-q4-major/bin/../lib/gcc/arm-none-eabi/8.2.1/../../../../arm-none-eabi/lib/thumb/v7-m/nofp\libg.a(lib_a-localeconv.o)
 .debug_frame   0x00002550       0x4c c:/program files (x86)/gnu tools arm embedded/8 2018-q4-major/bin/../lib/gcc/arm-none-eabi/8.2.1/../../../../arm-none-eabi/lib/thumb/v7-m/nofp\libg.a(lib_a-mallocr.o)
 .debug_frame   0x0000259c       0x34 c:/program files (x86)/gnu tools arm embedded/8 2018-q4-major/bin/../lib/gcc/arm-none-eabi/8.2.1/../../../../arm-none-eabi/lib/thumb/v7-m/nofp\libg.a(lib_a-memchr-stub.o)
 .debug_frame   0x000025d0       0x38 c:/program files (x86)/gnu tools arm embedded/8 2018-q4-major/bin/../lib/gcc/arm-none-eabi/8.2.1/../../../../arm-none-eabi/lib/thumb/v7-m/nofp\libg.a(lib_a-memcmp.o)
 .debug_frame   0x00002608       0x30 c:/program files (x86)/gnu tools arm embedded/8 2018-q4-major/bin/../lib/gcc/arm-none-eabi/8.2.1/../../../../arm-none-eabi/lib/thumb/v7-m/nofp\libg.a(lib_a-mlock.o)
 .debug_frame   0x00002638      0x260 c:/program files (x86)/gnu tools arm embedded/8 2018-q4-major/bin/../lib/gcc/arm-none-eabi/8.2.1/../../../../arm-none-eabi/lib/thumb/v7-m/nofp\libg.a(lib_a-mprec.o)
 .debug_frame   0x00002898       0x30 c:/program files (x86)/gnu tools arm embedded/8 2018-q4-major/bin/../lib/gcc/arm-none-eabi/8.2.1/../../../../arm-none-eabi/lib/thumb/v7-m/nofp\libg.a(lib_a-s_frexp.o)
 .debug_frame   0x000028c8       0x2c c:/program files (x86)/gnu tools arm embedded/8 2018-q4-major/bin/../lib/gcc/arm-none-eabi/8.2.1/../../../../arm-none-eabi/lib/thumb/v7-m/nofp\libg.a(lib_a-sbrkr.o)
 .debug_frame   0x000028f4       0x30 c:/program files (x86)/gnu tools arm embedded/8 2018-q4-major/bin/../lib/gcc/arm-none-eabi/8.2.1/../../../../arm-none-eabi/lib/thumb/v7-m/nofp\libg.a(lib_a-strnlen.o)
 .debug_frame   0x00002924       0x74 c:/program files (x86)/gnu tools arm embedded/8 2018-q4-major/bin/../lib/gcc/arm-none-eabi/8.2.1/../../../../arm-none-eabi/lib/thumb/v7-m/nofp\libg.a(lib_a-svfiprintf.o)
 .debug_frame   0x00002998       0x28 c:/program files (x86)/gnu tools arm embedded/8 2018-q4-major/bin/../lib/gcc/arm-none-eabi/8.2.1/../../../../arm-none-eabi/lib/thumb/v7-m/nofp\libg.a(lib_a-callocr.o)
 .debug_frame   0x000029c0       0x54 c:/program files (x86)/gnu tools arm embedded/8 2018-q4-major/bin/../lib/gcc/arm-none-eabi/8.2.1/../../../../arm-none-eabi/lib/thumb/v7-m/nofp\libg.a(lib_a-locale.o)
 .debug_frame   0x00002a14       0xb0 c:/program files (x86)/gnu tools arm embedded/8 2018-q4-major/bin/../lib/gcc/arm-none-eabi/8.2.1/../../../../arm-none-eabi/lib/thumb/v7-m/nofp\libg.a(lib_a-lock.o)
 .debug_frame   0x00002ac4       0x4c c:/program files (x86)/gnu tools arm embedded/8 2018-q4-major/bin/../lib/gcc/arm-none-eabi/8.2.1/../../../../arm-none-eabi/lib/thumb/v7-m/nofp\libg.a(lib_a-mbtowc_r.o)
 .debug_frame   0x00002b10       0x40 c:/program files (x86)/gnu tools arm embedded/8 2018-q4-major/bin/../lib/gcc/arm-none-eabi/8.2.1/../../../../arm-none-eabi/lib/thumb/v7-m/nofp\libg.a(lib_a-memmove.o)
 .debug_frame   0x00002b50       0x48 c:/program files (x86)/gnu tools arm embedded/8 2018-q4-major/bin/../lib/gcc/arm-none-eabi/8.2.1/../../../../arm-none-eabi/lib/thumb/v7-m/nofp\libg.a(lib_a-reallocr.o)
 .debug_frame   0x00002b98       0x60 c:/program files (x86)/gnu tools arm embedded/8 2018-q4-major/bin/../lib/gcc/arm-none-eabi/8.2.1/../../../../arm-none-eabi/lib/thumb/v7-m/nofp\libg.a(lib_a-reent.o)
 .debug_frame   0x00002bf8       0x3c c:/program files (x86)/gnu tools arm embedded/8 2018-q4-major/bin/../lib/gcc/arm-none-eabi/8.2.1/../../../../arm-none-eabi/lib/thumb/v7-m/nofp\libg.a(lib_a-wctomb_r.o)
 .debug_frame   0x00002c34       0x50 c:/program files (x86)/gnu tools arm embedded/8 2018-q4-major/bin/../lib/gcc/arm-none-eabi/8.2.1/thumb/v7-m/nofp\libgcc.a(_arm_muldivdf3.o)
 .debug_frame   0x00002c84       0x20 c:/program files (x86)/gnu tools arm embedded/8 2018-q4-major/bin/../lib/gcc/arm-none-eabi/8.2.1/thumb/v7-m/nofp\libgcc.a(_arm_unorddf2.o)
 .debug_frame   0x00002ca4       0x24 c:/program files (x86)/gnu tools arm embedded/8 2018-q4-major/bin/../lib/gcc/arm-none-eabi/8.2.1/thumb/v7-m/nofp\libgcc.a(_arm_fixdfsi.o)
